Archive member included to satisfy reference by file (symbol)

c:/program files (x86)/atmel/studio/7.0/toolchain/avr8/avr8-gnu-toolchain/bin/../lib/gcc/avr/5.4.0/avr51\libgcc.a(_udivmodhi4.o)
                              src/main.o (__udivmodhi4)
c:/program files (x86)/atmel/studio/7.0/toolchain/avr8/avr8-gnu-toolchain/bin/../lib/gcc/avr/5.4.0/avr51\libgcc.a(_divmodhi4.o)
                              src/Buffer.o (__divmodhi4)
c:/program files (x86)/atmel/studio/7.0/toolchain/avr8/avr8-gnu-toolchain/bin/../lib/gcc/avr/5.4.0/avr51\libgcc.a(_exit.o)
                              C:/Program Files (x86)/Atmel/Studio/7.0/Packs/atmel/ATmega_DFP/1.2.132/gcc/dev/at90usb1287/avr51/crtat90usb1287.o (exit)
c:/program files (x86)/atmel/studio/7.0/toolchain/avr8/avr8-gnu-toolchain/bin/../lib/gcc/avr/5.4.0/avr51\libgcc.a(_copy_data.o)
                              src/adc.o (__do_copy_data)
c:/program files (x86)/atmel/studio/7.0/toolchain/avr8/avr8-gnu-toolchain/bin/../lib/gcc/avr/5.4.0/avr51\libgcc.a(_clear_bss.o)
                              src/adc.o (__do_clear_bss)
c:/program files (x86)/atmel/studio/7.0/toolchain/avr8/avr8-gnu-toolchain/bin/../lib/gcc/avr/5.4.0/avr51\libgcc.a(_umulhisi3.o)
                              src/usart.o (__umulhisi3)

Allocating common symbols
Common symbol       size              file

total_sorted        0x1               src/Buffer.o
home_flag           0x1               src/stepper.o
most_recent_idx_to_past_second_prox_sensor
                    0x1               src/Buffer.o
buf_length          0x1               src/Buffer.o
ADC_result          0x2               src/adc.o
alum_sorted         0x1               src/Buffer.o
ramp_state          0x1               src/Buffer.o
first_on_belt       0x1               src/Buffer.o
default_voltage     0x2               src/adc.o
time_under_90_percent_volt
                    0x2               src/adc.o
ADC_result_change_flag
                    0x1               src/adc.o
most_recent_pushed_idx
                    0x1               src/Buffer.o
Total_Count         0x2               src/adc.o
white_sorted        0x1               src/Buffer.o
steel_sorted        0x1               src/Buffer.o
default_voltage_90_percent
                    0x2               src/adc.o
current_belt_status
                    0x1               src/Buffer.o
belt                0xfa              src/Buffer.o
ADC_Min_result      0x2               src/adc.o
ADC_keep_running    0x1               src/adc.o
black_sorted        0x1               src/Buffer.o
stepper_material_position
                    0x1               src/stepper.o
current_push_idx    0x1               src/Buffer.o
pause_state         0x1               src/Buffer.o

Discarded input sections

 .data          0x00000000        0x0 C:/Program Files (x86)/Atmel/Studio/7.0/Packs/atmel/ATmega_DFP/1.2.132/gcc/dev/at90usb1287/avr51/crtat90usb1287.o
 .bss           0x00000000        0x0 C:/Program Files (x86)/Atmel/Studio/7.0/Packs/atmel/ATmega_DFP/1.2.132/gcc/dev/at90usb1287/avr51/crtat90usb1287.o
 .group         0x00000000        0x8 src/adc.o
 .group         0x00000000        0x8 src/adc.o
 .group         0x00000000        0x8 src/adc.o
 .group         0x00000000        0x8 src/adc.o
 .group         0x00000000        0x8 src/adc.o
 .group         0x00000000        0x8 src/adc.o
 .group         0x00000000        0x8 src/adc.o
 .group         0x00000000        0x8 src/adc.o
 .group         0x00000000        0x8 src/adc.o
 .group         0x00000000        0x8 src/adc.o
 .group         0x00000000        0x8 src/adc.o
 .group         0x00000000        0x8 src/adc.o
 .group         0x00000000        0x8 src/adc.o
 .group         0x00000000        0x8 src/adc.o
 .group         0x00000000        0x8 src/adc.o
 .group         0x00000000        0x8 src/adc.o
 .group         0x00000000        0x8 src/adc.o
 .group         0x00000000        0x8 src/adc.o
 .group         0x00000000        0x8 src/adc.o
 .group         0x00000000        0x8 src/adc.o
 .group         0x00000000        0x8 src/adc.o
 .group         0x00000000        0x8 src/adc.o
 .group         0x00000000        0x8 src/adc.o
 .group         0x00000000        0x8 src/adc.o
 .group         0x00000000        0x8 src/adc.o
 .group         0x00000000        0x8 src/adc.o
 .group         0x00000000        0x8 src/adc.o
 .text          0x00000000        0x0 src/adc.o
 .data          0x00000000        0x0 src/adc.o
 .bss           0x00000000        0x0 src/adc.o
 .group         0x00000000        0x8 src/Buffer.o
 .group         0x00000000        0x8 src/Buffer.o
 .group         0x00000000        0x8 src/Buffer.o
 .group         0x00000000        0x8 src/Buffer.o
 .group         0x00000000        0x8 src/Buffer.o
 .group         0x00000000        0x8 src/Buffer.o
 .group         0x00000000        0x8 src/Buffer.o
 .group         0x00000000        0x8 src/Buffer.o
 .group         0x00000000        0x8 src/Buffer.o
 .group         0x00000000        0x8 src/Buffer.o
 .group         0x00000000        0x8 src/Buffer.o
 .group         0x00000000        0x8 src/Buffer.o
 .group         0x00000000        0x8 src/Buffer.o
 .group         0x00000000        0x8 src/Buffer.o
 .group         0x00000000        0x8 src/Buffer.o
 .group         0x00000000        0x8 src/Buffer.o
 .group         0x00000000        0x8 src/Buffer.o
 .group         0x00000000        0x8 src/Buffer.o
 .group         0x00000000        0x8 src/Buffer.o
 .group         0x00000000        0x8 src/Buffer.o
 .group         0x00000000        0x8 src/Buffer.o
 .group         0x00000000        0x8 src/Buffer.o
 .group         0x00000000        0x8 src/Buffer.o
 .group         0x00000000        0x8 src/Buffer.o
 .group         0x00000000        0x8 src/Buffer.o
 .group         0x00000000        0x8 src/Buffer.o
 .group         0x00000000        0x8 src/Buffer.o
 .group         0x00000000        0x8 src/Buffer.o
 .group         0x00000000        0x8 src/Buffer.o
 .group         0x00000000        0x8 src/Buffer.o
 .group         0x00000000        0x8 src/Buffer.o
 .text          0x00000000        0x0 src/Buffer.o
 .data          0x00000000        0x0 src/Buffer.o
 .bss           0x00000000        0x0 src/Buffer.o
 .text.set_first_item
                0x00000000       0x5a src/Buffer.o
 .text.buf_is_magnetic
                0x00000000       0x50 src/Buffer.o
 .text.buffer_print_first_on_belt
                0x00000000       0x6a src/Buffer.o
 .debug_macro   0x00000000      0xa66 src/Buffer.o
 .debug_macro   0x00000000       0x10 src/Buffer.o
 .debug_macro   0x00000000      0x1c9 src/Buffer.o
 .debug_macro   0x00000000      0x2fc src/Buffer.o
 .debug_macro   0x00000000       0x9e src/Buffer.o
 .debug_macro   0x00000000     0x1953 src/Buffer.o
 .debug_macro   0x00000000      0x106 src/Buffer.o
 .debug_macro   0x00000000      0x1e0 src/Buffer.o
 .debug_macro   0x00000000       0xcb src/Buffer.o
 .debug_macro   0x00000000       0x34 src/Buffer.o
 .debug_macro   0x00000000       0x18 src/Buffer.o
 .debug_macro   0x00000000       0x6c src/Buffer.o
 .debug_macro   0x00000000       0x22 src/Buffer.o
 .debug_macro   0x00000000       0x1c src/Buffer.o
 .debug_macro   0x00000000       0x35 src/Buffer.o
 .debug_macro   0x00000000      0x64b src/Buffer.o
 .debug_macro   0x00000000       0x44 src/Buffer.o
 .debug_macro   0x00000000       0x69 src/Buffer.o
 .debug_macro   0x00000000       0x2c src/Buffer.o
 .debug_macro   0x00000000       0x10 src/Buffer.o
 .debug_macro   0x00000000      0x175 src/Buffer.o
 .debug_macro   0x00000000       0x40 src/Buffer.o
 .debug_macro   0x00000000      0x100 src/Buffer.o
 .debug_macro   0x00000000      0x2c0 src/Buffer.o
 .debug_macro   0x00000000       0x22 src/Buffer.o
 .group         0x00000000        0x8 src/interrupt.o
 .group         0x00000000        0x8 src/interrupt.o
 .group         0x00000000        0x8 src/interrupt.o
 .group         0x00000000        0x8 src/interrupt.o
 .group         0x00000000        0x8 src/interrupt.o
 .group         0x00000000        0x8 src/interrupt.o
 .group         0x00000000        0x8 src/interrupt.o
 .group         0x00000000        0x8 src/interrupt.o
 .group         0x00000000        0x8 src/interrupt.o
 .group         0x00000000        0x8 src/interrupt.o
 .group         0x00000000        0x8 src/interrupt.o
 .group         0x00000000        0x8 src/interrupt.o
 .text          0x00000000        0x0 src/interrupt.o
 .data          0x00000000        0x0 src/interrupt.o
 .bss           0x00000000        0x0 src/interrupt.o
 .debug_macro   0x00000000      0xa66 src/interrupt.o
 .debug_macro   0x00000000       0x10 src/interrupt.o
 .debug_macro   0x00000000      0x1c9 src/interrupt.o
 .debug_macro   0x00000000      0x2fc src/interrupt.o
 .debug_macro   0x00000000       0x9e src/interrupt.o
 .debug_macro   0x00000000     0x1953 src/interrupt.o
 .debug_macro   0x00000000      0x106 src/interrupt.o
 .debug_macro   0x00000000      0x1e0 src/interrupt.o
 .debug_macro   0x00000000       0xcb src/interrupt.o
 .debug_macro   0x00000000       0x34 src/interrupt.o
 .debug_macro   0x00000000       0x18 src/interrupt.o
 .debug_macro   0x00000000       0x6c src/interrupt.o
 .group         0x00000000        0x8 src/led.o
 .group         0x00000000        0x8 src/led.o
 .group         0x00000000        0x8 src/led.o
 .group         0x00000000        0x8 src/led.o
 .group         0x00000000        0x8 src/led.o
 .group         0x00000000        0x8 src/led.o
 .group         0x00000000        0x8 src/led.o
 .group         0x00000000        0x8 src/led.o
 .group         0x00000000        0x8 src/led.o
 .group         0x00000000        0x8 src/led.o
 .group         0x00000000        0x8 src/led.o
 .group         0x00000000        0x8 src/led.o
 .group         0x00000000        0x8 src/led.o
 .group         0x00000000        0x8 src/led.o
 .group         0x00000000        0x8 src/led.o
 .group         0x00000000        0x8 src/led.o
 .group         0x00000000        0x8 src/led.o
 .group         0x00000000        0x8 src/led.o
 .group         0x00000000        0x8 src/led.o
 .group         0x00000000        0x8 src/led.o
 .group         0x00000000        0x8 src/led.o
 .group         0x00000000        0x8 src/led.o
 .group         0x00000000        0x8 src/led.o
 .group         0x00000000        0x8 src/led.o
 .group         0x00000000        0x8 src/led.o
 .group         0x00000000        0x8 src/led.o
 .text          0x00000000        0x0 src/led.o
 .data          0x00000000        0x0 src/led.o
 .bss           0x00000000        0x0 src/led.o
 .text.write_to_led_display
                0x00000000       0x20 src/led.o
 .text.night_rider_update
                0x00000000       0x6e src/led.o
 .bss.current_LED.1978
                0x00000000        0x1 src/led.o
 .debug_macro   0x00000000      0xa66 src/led.o
 .debug_macro   0x00000000       0x10 src/led.o
 .debug_macro   0x00000000      0x1c9 src/led.o
 .debug_macro   0x00000000      0x2fc src/led.o
 .debug_macro   0x00000000       0x9e src/led.o
 .debug_macro   0x00000000     0x1953 src/led.o
 .debug_macro   0x00000000      0x106 src/led.o
 .debug_macro   0x00000000      0x1e0 src/led.o
 .debug_macro   0x00000000       0xcb src/led.o
 .debug_macro   0x00000000       0x34 src/led.o
 .debug_macro   0x00000000       0x18 src/led.o
 .debug_macro   0x00000000       0x6c src/led.o
 .debug_macro   0x00000000       0x22 src/led.o
 .debug_macro   0x00000000      0x16d src/led.o
 .debug_macro   0x00000000       0x1c src/led.o
 .debug_macro   0x00000000       0x35 src/led.o
 .debug_macro   0x00000000       0x66 src/led.o
 .debug_macro   0x00000000      0x64b src/led.o
 .debug_macro   0x00000000       0x44 src/led.o
 .debug_macro   0x00000000       0x69 src/led.o
 .debug_macro   0x00000000       0x2c src/led.o
 .debug_macro   0x00000000       0x10 src/led.o
 .debug_macro   0x00000000      0x175 src/led.o
 .debug_macro   0x00000000       0x40 src/led.o
 .debug_macro   0x00000000      0x100 src/led.o
 .debug_macro   0x00000000      0x2c0 src/led.o
 .group         0x00000000        0x8 src/LinkedQueue.o
 .text          0x00000000        0x0 src/LinkedQueue.o
 .data          0x00000000        0x0 src/LinkedQueue.o
 .bss           0x00000000        0x0 src/LinkedQueue.o
 .debug_info    0x00000000       0x21 src/LinkedQueue.o
 .debug_abbrev  0x00000000       0x13 src/LinkedQueue.o
 .debug_aranges
                0x00000000       0x18 src/LinkedQueue.o
 .debug_macro   0x00000000       0x11 src/LinkedQueue.o
 .debug_macro   0x00000000      0xa66 src/LinkedQueue.o
 .debug_line    0x00000000       0x32 src/LinkedQueue.o
 .debug_str     0x00000000     0x2b74 src/LinkedQueue.o
 .comment       0x00000000       0x31 src/LinkedQueue.o
 .group         0x00000000        0x8 src/mtimer.o
 .group         0x00000000        0x8 src/mtimer.o
 .group         0x00000000        0x8 src/mtimer.o
 .group         0x00000000        0x8 src/mtimer.o
 .group         0x00000000        0x8 src/mtimer.o
 .group         0x00000000        0x8 src/mtimer.o
 .group         0x00000000        0x8 src/mtimer.o
 .group         0x00000000        0x8 src/mtimer.o
 .group         0x00000000        0x8 src/mtimer.o
 .group         0x00000000        0x8 src/mtimer.o
 .group         0x00000000        0x8 src/mtimer.o
 .group         0x00000000        0x8 src/mtimer.o
 .group         0x00000000        0x8 src/mtimer.o
 .group         0x00000000        0x8 src/mtimer.o
 .group         0x00000000        0x8 src/mtimer.o
 .group         0x00000000        0x8 src/mtimer.o
 .group         0x00000000        0x8 src/mtimer.o
 .group         0x00000000        0x8 src/mtimer.o
 .group         0x00000000        0x8 src/mtimer.o
 .group         0x00000000        0x8 src/mtimer.o
 .group         0x00000000        0x8 src/mtimer.o
 .group         0x00000000        0x8 src/mtimer.o
 .group         0x00000000        0x8 src/mtimer.o
 .group         0x00000000        0x8 src/mtimer.o
 .group         0x00000000        0x8 src/mtimer.o
 .group         0x00000000        0x8 src/mtimer.o
 .text          0x00000000        0x0 src/mtimer.o
 .data          0x00000000        0x0 src/mtimer.o
 .bss           0x00000000        0x0 src/mtimer.o
 .text.timer0_init
                0x00000000       0x54 src/mtimer.o
 .debug_macro   0x00000000      0xa66 src/mtimer.o
 .debug_macro   0x00000000       0x10 src/mtimer.o
 .debug_macro   0x00000000      0x1c9 src/mtimer.o
 .debug_macro   0x00000000      0x2fc src/mtimer.o
 .debug_macro   0x00000000       0x9e src/mtimer.o
 .debug_macro   0x00000000     0x1953 src/mtimer.o
 .debug_macro   0x00000000      0x106 src/mtimer.o
 .debug_macro   0x00000000      0x1e0 src/mtimer.o
 .debug_macro   0x00000000       0xcb src/mtimer.o
 .debug_macro   0x00000000       0x34 src/mtimer.o
 .debug_macro   0x00000000       0x18 src/mtimer.o
 .debug_macro   0x00000000       0x6c src/mtimer.o
 .debug_macro   0x00000000       0x22 src/mtimer.o
 .debug_macro   0x00000000      0x16d src/mtimer.o
 .debug_macro   0x00000000       0x1c src/mtimer.o
 .debug_macro   0x00000000       0x35 src/mtimer.o
 .debug_macro   0x00000000       0x66 src/mtimer.o
 .debug_macro   0x00000000      0x64b src/mtimer.o
 .debug_macro   0x00000000       0x44 src/mtimer.o
 .debug_macro   0x00000000       0x69 src/mtimer.o
 .debug_macro   0x00000000       0x2c src/mtimer.o
 .debug_macro   0x00000000       0x10 src/mtimer.o
 .debug_macro   0x00000000      0x175 src/mtimer.o
 .debug_macro   0x00000000       0x40 src/mtimer.o
 .debug_macro   0x00000000      0x100 src/mtimer.o
 .debug_macro   0x00000000      0x2c0 src/mtimer.o
 .group         0x00000000        0x8 src/pwm.o
 .group         0x00000000        0x8 src/pwm.o
 .group         0x00000000        0x8 src/pwm.o
 .group         0x00000000        0x8 src/pwm.o
 .group         0x00000000        0x8 src/pwm.o
 .group         0x00000000        0x8 src/pwm.o
 .group         0x00000000        0x8 src/pwm.o
 .group         0x00000000        0x8 src/pwm.o
 .group         0x00000000        0x8 src/pwm.o
 .group         0x00000000        0x8 src/pwm.o
 .group         0x00000000        0x8 src/pwm.o
 .group         0x00000000        0x8 src/pwm.o
 .text          0x00000000        0x0 src/pwm.o
 .data          0x00000000        0x0 src/pwm.o
 .bss           0x00000000        0x0 src/pwm.o
 .debug_macro   0x00000000      0xa66 src/pwm.o
 .debug_macro   0x00000000       0x10 src/pwm.o
 .debug_macro   0x00000000      0x1c9 src/pwm.o
 .debug_macro   0x00000000      0x2fc src/pwm.o
 .debug_macro   0x00000000       0x9e src/pwm.o
 .debug_macro   0x00000000     0x1953 src/pwm.o
 .debug_macro   0x00000000      0x106 src/pwm.o
 .debug_macro   0x00000000      0x1e0 src/pwm.o
 .debug_macro   0x00000000       0xcb src/pwm.o
 .debug_macro   0x00000000       0x34 src/pwm.o
 .debug_macro   0x00000000       0x18 src/pwm.o
 .debug_macro   0x00000000       0x6c src/pwm.o
 .group         0x00000000        0x8 src/stepper.o
 .group         0x00000000        0x8 src/stepper.o
 .group         0x00000000        0x8 src/stepper.o
 .group         0x00000000        0x8 src/stepper.o
 .group         0x00000000        0x8 src/stepper.o
 .group         0x00000000        0x8 src/stepper.o
 .group         0x00000000        0x8 src/stepper.o
 .group         0x00000000        0x8 src/stepper.o
 .group         0x00000000        0x8 src/stepper.o
 .group         0x00000000        0x8 src/stepper.o
 .group         0x00000000        0x8 src/stepper.o
 .group         0x00000000        0x8 src/stepper.o
 .group         0x00000000        0x8 src/stepper.o
 .group         0x00000000        0x8 src/stepper.o
 .group         0x00000000        0x8 src/stepper.o
 .group         0x00000000        0x8 src/stepper.o
 .group         0x00000000        0x8 src/stepper.o
 .group         0x00000000        0x8 src/stepper.o
 .group         0x00000000        0x8 src/stepper.o
 .group         0x00000000        0x8 src/stepper.o
 .group         0x00000000        0x8 src/stepper.o
 .group         0x00000000        0x8 src/stepper.o
 .group         0x00000000        0x8 src/stepper.o
 .group         0x00000000        0x8 src/stepper.o
 .group         0x00000000        0x8 src/stepper.o
 .group         0x00000000        0x8 src/stepper.o
 .group         0x00000000        0x8 src/stepper.o
 .group         0x00000000        0x8 src/stepper.o
 .group         0x00000000        0x8 src/stepper.o
 .text          0x00000000        0x0 src/stepper.o
 .data          0x00000000        0x0 src/stepper.o
 .bss           0x00000000        0x0 src/stepper.o
 .data.less_than_5_rev_up
                0x00000000       0x28 src/stepper.o
 .data.less_than_5_rev_dw
                0x00000000       0x14 src/stepper.o
 .data.less_than_10_rev_up
                0x00000000       0x28 src/stepper.o
 .data.less_than_10_rev_dw
                0x00000000       0x14 src/stepper.o
 .data.less_than_15_rev_up
                0x00000000       0x28 src/stepper.o
 .data.less_than_15_rev_dw
                0x00000000       0x14 src/stepper.o
 .data.more_than_20_rev_up
                0x00000000       0x28 src/stepper.o
 .data.more_than_20_rev_dw
                0x00000000       0x14 src/stepper.o
 .debug_macro   0x00000000      0xa66 src/stepper.o
 .debug_macro   0x00000000       0x22 src/stepper.o
 .debug_macro   0x00000000       0x10 src/stepper.o
 .debug_macro   0x00000000      0x1c9 src/stepper.o
 .debug_macro   0x00000000      0x2fc src/stepper.o
 .debug_macro   0x00000000       0x9e src/stepper.o
 .debug_macro   0x00000000     0x1953 src/stepper.o
 .debug_macro   0x00000000      0x106 src/stepper.o
 .debug_macro   0x00000000      0x1e0 src/stepper.o
 .debug_macro   0x00000000       0xcb src/stepper.o
 .debug_macro   0x00000000       0x34 src/stepper.o
 .debug_macro   0x00000000       0x18 src/stepper.o
 .debug_macro   0x00000000       0x6c src/stepper.o
 .debug_macro   0x00000000       0x34 src/stepper.o
 .debug_macro   0x00000000      0x16d src/stepper.o
 .debug_macro   0x00000000       0x1c src/stepper.o
 .debug_macro   0x00000000       0x35 src/stepper.o
 .debug_macro   0x00000000       0x66 src/stepper.o
 .debug_macro   0x00000000      0x64b src/stepper.o
 .debug_macro   0x00000000       0x44 src/stepper.o
 .debug_macro   0x00000000       0x69 src/stepper.o
 .debug_macro   0x00000000       0x2c src/stepper.o
 .debug_macro   0x00000000       0x10 src/stepper.o
 .debug_macro   0x00000000      0x175 src/stepper.o
 .debug_macro   0x00000000       0x40 src/stepper.o
 .debug_macro   0x00000000      0x100 src/stepper.o
 .debug_macro   0x00000000      0x2c0 src/stepper.o
 .debug_macro   0x00000000       0x22 src/stepper.o
 .debug_macro   0x00000000       0x16 src/stepper.o
 .group         0x00000000        0x8 src/Switches.o
 .group         0x00000000        0x8 src/Switches.o
 .group         0x00000000        0x8 src/Switches.o
 .group         0x00000000        0x8 src/Switches.o
 .group         0x00000000        0x8 src/Switches.o
 .group         0x00000000        0x8 src/Switches.o
 .group         0x00000000        0x8 src/Switches.o
 .group         0x00000000        0x8 src/Switches.o
 .group         0x00000000        0x8 src/Switches.o
 .group         0x00000000        0x8 src/Switches.o
 .group         0x00000000        0x8 src/Switches.o
 .group         0x00000000        0x8 src/Switches.o
 .group         0x00000000        0x8 src/Switches.o
 .group         0x00000000        0x8 src/Switches.o
 .group         0x00000000        0x8 src/Switches.o
 .group         0x00000000        0x8 src/Switches.o
 .group         0x00000000        0x8 src/Switches.o
 .group         0x00000000        0x8 src/Switches.o
 .group         0x00000000        0x8 src/Switches.o
 .group         0x00000000        0x8 src/Switches.o
 .group         0x00000000        0x8 src/Switches.o
 .group         0x00000000        0x8 src/Switches.o
 .group         0x00000000        0x8 src/Switches.o
 .group         0x00000000        0x8 src/Switches.o
 .group         0x00000000        0x8 src/Switches.o
 .group         0x00000000        0x8 src/Switches.o
 .text          0x00000000        0x0 src/Switches.o
 .data          0x00000000        0x0 src/Switches.o
 .bss           0x00000000        0x0 src/Switches.o
 .text.is_button_pressed
                0x00000000       0x2c src/Switches.o
 .debug_info    0x00000000       0xbe src/Switches.o
 .debug_abbrev  0x00000000       0x7d src/Switches.o
 .debug_loc     0x00000000       0x48 src/Switches.o
 .debug_aranges
                0x00000000       0x20 src/Switches.o
 .debug_ranges  0x00000000       0x10 src/Switches.o
 .debug_macro   0x00000000      0x165 src/Switches.o
 .debug_macro   0x00000000      0xa66 src/Switches.o
 .debug_macro   0x00000000      0x1c9 src/Switches.o
 .debug_macro   0x00000000      0x2fc src/Switches.o
 .debug_macro   0x00000000       0x16 src/Switches.o
 .debug_macro   0x00000000       0xaa src/Switches.o
 .debug_macro   0x00000000     0x1953 src/Switches.o
 .debug_macro   0x00000000      0x106 src/Switches.o
 .debug_macro   0x00000000      0x1e0 src/Switches.o
 .debug_macro   0x00000000       0xcb src/Switches.o
 .debug_macro   0x00000000       0x34 src/Switches.o
 .debug_macro   0x00000000       0x18 src/Switches.o
 .debug_macro   0x00000000       0x6c src/Switches.o
 .debug_macro   0x00000000       0x22 src/Switches.o
 .debug_macro   0x00000000      0x16d src/Switches.o
 .debug_macro   0x00000000       0x1c src/Switches.o
 .debug_macro   0x00000000       0x35 src/Switches.o
 .debug_macro   0x00000000       0x66 src/Switches.o
 .debug_macro   0x00000000      0x64b src/Switches.o
 .debug_macro   0x00000000       0x44 src/Switches.o
 .debug_macro   0x00000000       0x69 src/Switches.o
 .debug_macro   0x00000000       0x2c src/Switches.o
 .debug_macro   0x00000000       0x10 src/Switches.o
 .debug_macro   0x00000000      0x175 src/Switches.o
 .debug_macro   0x00000000       0x40 src/Switches.o
 .debug_macro   0x00000000      0x100 src/Switches.o
 .debug_macro   0x00000000      0x2c0 src/Switches.o
 .debug_line    0x00000000      0x3c2 src/Switches.o
 .debug_str     0x00000000    0x117e1 src/Switches.o
 .comment       0x00000000       0x31 src/Switches.o
 .debug_frame   0x00000000       0x34 src/Switches.o
 .group         0x00000000        0x8 src/usart.o
 .group         0x00000000        0x8 src/usart.o
 .group         0x00000000        0x8 src/usart.o
 .group         0x00000000        0x8 src/usart.o
 .group         0x00000000        0x8 src/usart.o
 .group         0x00000000        0x8 src/usart.o
 .group         0x00000000        0x8 src/usart.o
 .group         0x00000000        0x8 src/usart.o
 .group         0x00000000        0x8 src/usart.o
 .group         0x00000000        0x8 src/usart.o
 .group         0x00000000        0x8 src/usart.o
 .group         0x00000000        0x8 src/usart.o
 .group         0x00000000        0x8 src/usart.o
 .group         0x00000000        0x8 src/usart.o
 .group         0x00000000        0x8 src/usart.o
 .group         0x00000000        0x8 src/usart.o
 .group         0x00000000        0x8 src/usart.o
 .group         0x00000000        0x8 src/usart.o
 .group         0x00000000        0x8 src/usart.o
 .group         0x00000000        0x8 src/usart.o
 .group         0x00000000        0x8 src/usart.o
 .group         0x00000000        0x8 src/usart.o
 .group         0x00000000        0x8 src/usart.o
 .group         0x00000000        0x8 src/usart.o
 .group         0x00000000        0x8 src/usart.o
 .group         0x00000000        0x8 src/usart.o
 .group         0x00000000        0x8 src/usart.o
 .group         0x00000000        0x8 src/usart.o
 .text          0x00000000        0x0 src/usart.o
 .data          0x00000000        0x0 src/usart.o
 .bss           0x00000000        0x0 src/usart.o
 .debug_macro   0x00000000      0xa66 src/usart.o
 .debug_macro   0x00000000       0x10 src/usart.o
 .debug_macro   0x00000000      0x1c9 src/usart.o
 .debug_macro   0x00000000      0x2fc src/usart.o
 .debug_macro   0x00000000       0x9e src/usart.o
 .debug_macro   0x00000000     0x1953 src/usart.o
 .debug_macro   0x00000000      0x106 src/usart.o
 .debug_macro   0x00000000      0x1e0 src/usart.o
 .debug_macro   0x00000000       0xcb src/usart.o
 .debug_macro   0x00000000       0x34 src/usart.o
 .debug_macro   0x00000000       0x18 src/usart.o
 .debug_macro   0x00000000       0x6c src/usart.o
 .debug_macro   0x00000000       0x22 src/usart.o
 .debug_macro   0x00000000      0x16d src/usart.o
 .debug_macro   0x00000000       0x1c src/usart.o
 .debug_macro   0x00000000       0x35 src/usart.o
 .debug_macro   0x00000000       0x66 src/usart.o
 .debug_macro   0x00000000      0x64b src/usart.o
 .debug_macro   0x00000000       0x44 src/usart.o
 .debug_macro   0x00000000       0x69 src/usart.o
 .debug_macro   0x00000000       0x2c src/usart.o
 .debug_macro   0x00000000       0x10 src/usart.o
 .debug_macro   0x00000000      0x175 src/usart.o
 .debug_macro   0x00000000       0x40 src/usart.o
 .debug_macro   0x00000000      0x100 src/usart.o
 .debug_macro   0x00000000      0x2c0 src/usart.o
 .debug_macro   0x00000000       0x22 src/usart.o
 .debug_macro   0x00000000       0x16 src/usart.o
 .group         0x00000000        0x8 src/ASF/common/boards/user_board/init.o
 .group         0x00000000        0x8 src/ASF/common/boards/user_board/init.o
 .group         0x00000000        0x8 src/ASF/common/boards/user_board/init.o
 .group         0x00000000        0x8 src/ASF/common/boards/user_board/init.o
 .group         0x00000000        0x8 src/ASF/common/boards/user_board/init.o
 .group         0x00000000        0x8 src/ASF/common/boards/user_board/init.o
 .group         0x00000000        0x8 src/ASF/common/boards/user_board/init.o
 .group         0x00000000        0x8 src/ASF/common/boards/user_board/init.o
 .group         0x00000000        0x8 src/ASF/common/boards/user_board/init.o
 .group         0x00000000        0x8 src/ASF/common/boards/user_board/init.o
 .group         0x00000000        0x8 src/ASF/common/boards/user_board/init.o
 .group         0x00000000        0x8 src/ASF/common/boards/user_board/init.o
 .group         0x00000000        0x8 src/ASF/common/boards/user_board/init.o
 .group         0x00000000        0x8 src/ASF/common/boards/user_board/init.o
 .group         0x00000000        0x8 src/ASF/common/boards/user_board/init.o
 .group         0x00000000        0x8 src/ASF/common/boards/user_board/init.o
 .group         0x00000000        0x8 src/ASF/common/boards/user_board/init.o
 .group         0x00000000        0x8 src/ASF/common/boards/user_board/init.o
 .group         0x00000000        0x8 src/ASF/common/boards/user_board/init.o
 .group         0x00000000        0x8 src/ASF/common/boards/user_board/init.o
 .group         0x00000000        0x8 src/ASF/common/boards/user_board/init.o
 .group         0x00000000        0x8 src/ASF/common/boards/user_board/init.o
 .group         0x00000000        0x8 src/ASF/common/boards/user_board/init.o
 .group         0x00000000        0x8 src/ASF/common/boards/user_board/init.o
 .group         0x00000000        0x8 src/ASF/common/boards/user_board/init.o
 .group         0x00000000        0x8 src/ASF/common/boards/user_board/init.o
 .text          0x00000000        0x0 src/ASF/common/boards/user_board/init.o
 .data          0x00000000        0x0 src/ASF/common/boards/user_board/init.o
 .bss           0x00000000        0x0 src/ASF/common/boards/user_board/init.o
 .text.board_init
                0x00000000       0x10 src/ASF/common/boards/user_board/init.o
 .debug_info    0x00000000       0x7c src/ASF/common/boards/user_board/init.o
 .debug_abbrev  0x00000000       0x47 src/ASF/common/boards/user_board/init.o
 .debug_loc     0x00000000       0x3b src/ASF/common/boards/user_board/init.o
 .debug_aranges
                0x00000000       0x20 src/ASF/common/boards/user_board/init.o
 .debug_ranges  0x00000000       0x10 src/ASF/common/boards/user_board/init.o
 .debug_macro   0x00000000      0x161 src/ASF/common/boards/user_board/init.o
 .debug_macro   0x00000000      0xa66 src/ASF/common/boards/user_board/init.o
 .debug_macro   0x00000000       0x10 src/ASF/common/boards/user_board/init.o
 .debug_macro   0x00000000      0x1c9 src/ASF/common/boards/user_board/init.o
 .debug_macro   0x00000000      0x2fc src/ASF/common/boards/user_board/init.o
 .debug_macro   0x00000000       0x9e src/ASF/common/boards/user_board/init.o
 .debug_macro   0x00000000     0x1953 src/ASF/common/boards/user_board/init.o
 .debug_macro   0x00000000      0x106 src/ASF/common/boards/user_board/init.o
 .debug_macro   0x00000000      0x1e0 src/ASF/common/boards/user_board/init.o
 .debug_macro   0x00000000       0xcb src/ASF/common/boards/user_board/init.o
 .debug_macro   0x00000000       0x34 src/ASF/common/boards/user_board/init.o
 .debug_macro   0x00000000       0x18 src/ASF/common/boards/user_board/init.o
 .debug_macro   0x00000000       0x6c src/ASF/common/boards/user_board/init.o
 .debug_macro   0x00000000       0x22 src/ASF/common/boards/user_board/init.o
 .debug_macro   0x00000000      0x16d src/ASF/common/boards/user_board/init.o
 .debug_macro   0x00000000       0x1c src/ASF/common/boards/user_board/init.o
 .debug_macro   0x00000000       0x35 src/ASF/common/boards/user_board/init.o
 .debug_macro   0x00000000       0x66 src/ASF/common/boards/user_board/init.o
 .debug_macro   0x00000000      0x64b src/ASF/common/boards/user_board/init.o
 .debug_macro   0x00000000       0x44 src/ASF/common/boards/user_board/init.o
 .debug_macro   0x00000000       0x69 src/ASF/common/boards/user_board/init.o
 .debug_macro   0x00000000       0x2c src/ASF/common/boards/user_board/init.o
 .debug_macro   0x00000000       0x10 src/ASF/common/boards/user_board/init.o
 .debug_macro   0x00000000      0x175 src/ASF/common/boards/user_board/init.o
 .debug_macro   0x00000000       0x40 src/ASF/common/boards/user_board/init.o
 .debug_macro   0x00000000      0x100 src/ASF/common/boards/user_board/init.o
 .debug_macro   0x00000000      0x2c0 src/ASF/common/boards/user_board/init.o
 .debug_line    0x00000000      0x3aa src/ASF/common/boards/user_board/init.o
 .debug_str     0x00000000    0x11776 src/ASF/common/boards/user_board/init.o
 .comment       0x00000000       0x31 src/ASF/common/boards/user_board/init.o
 .debug_frame   0x00000000       0x34 src/ASF/common/boards/user_board/init.o
 .group         0x00000000        0x8 src/main.o
 .group         0x00000000        0x8 src/main.o
 .group         0x00000000        0x8 src/main.o
 .group         0x00000000        0x8 src/main.o
 .group         0x00000000        0x8 src/main.o
 .group         0x00000000        0x8 src/main.o
 .group         0x00000000        0x8 src/main.o
 .group         0x00000000        0x8 src/main.o
 .group         0x00000000        0x8 src/main.o
 .group         0x00000000        0x8 src/main.o
 .group         0x00000000        0x8 src/main.o
 .group         0x00000000        0x8 src/main.o
 .group         0x00000000        0x8 src/main.o
 .group         0x00000000        0x8 src/main.o
 .group         0x00000000        0x8 src/main.o
 .group         0x00000000        0x8 src/main.o
 .group         0x00000000        0x8 src/main.o
 .group         0x00000000        0x8 src/main.o
 .group         0x00000000        0x8 src/main.o
 .group         0x00000000        0x8 src/main.o
 .group         0x00000000        0x8 src/main.o
 .group         0x00000000        0x8 src/main.o
 .group         0x00000000        0x8 src/main.o
 .group         0x00000000        0x8 src/main.o
 .group         0x00000000        0x8 src/main.o
 .group         0x00000000        0x8 src/main.o
 .group         0x00000000        0x8 src/main.o
 .group         0x00000000        0x8 src/main.o
 .group         0x00000000        0x8 src/main.o
 .group         0x00000000        0x8 src/main.o
 .group         0x00000000        0x8 src/main.o
 .group         0x00000000        0x8 src/main.o
 .text          0x00000000        0x0 src/main.o
 .data          0x00000000        0x0 src/main.o
 .bss           0x00000000        0x0 src/main.o
 .bss.pause_flag
                0x00000000        0x1 src/main.o
 .debug_macro   0x00000000      0xa66 src/main.o
 .debug_macro   0x00000000       0x1c src/main.o
 .debug_macro   0x00000000       0x66 src/main.o
 .debug_macro   0x00000000       0x10 src/main.o
 .debug_macro   0x00000000      0x1c9 src/main.o
 .debug_macro   0x00000000      0x2fc src/main.o
 .debug_macro   0x00000000       0x9e src/main.o
 .debug_macro   0x00000000     0x1953 src/main.o
 .debug_macro   0x00000000      0x106 src/main.o
 .debug_macro   0x00000000      0x1e0 src/main.o
 .debug_macro   0x00000000       0xcb src/main.o
 .debug_macro   0x00000000       0x34 src/main.o
 .debug_macro   0x00000000       0x18 src/main.o
 .debug_macro   0x00000000       0x6c src/main.o
 .debug_macro   0x00000000       0x69 src/main.o
 .debug_macro   0x00000000       0x16 src/main.o
 .debug_macro   0x00000000       0x22 src/main.o
 .debug_macro   0x00000000       0x34 src/main.o
 .debug_macro   0x00000000       0x16 src/main.o
 .debug_macro   0x00000000      0x64b src/main.o
 .debug_macro   0x00000000       0x44 src/main.o
 .debug_macro   0x00000000       0x2c src/main.o
 .debug_macro   0x00000000       0x10 src/main.o
 .debug_macro   0x00000000       0x35 src/main.o
 .debug_macro   0x00000000      0x175 src/main.o
 .debug_macro   0x00000000       0x40 src/main.o
 .debug_macro   0x00000000      0x100 src/main.o
 .debug_macro   0x00000000      0x2c0 src/main.o
 .debug_macro   0x00000000       0x22 src/main.o
 .text          0x00000000        0x0 c:/program files (x86)/atmel/studio/7.0/toolchain/avr8/avr8-gnu-toolchain/bin/../lib/gcc/avr/5.4.0/avr51\libgcc.a(_udivmodhi4.o)
 .data          0x00000000        0x0 c:/program files (x86)/atmel/studio/7.0/toolchain/avr8/avr8-gnu-toolchain/bin/../lib/gcc/avr/5.4.0/avr51\libgcc.a(_udivmodhi4.o)
 .bss           0x00000000        0x0 c:/program files (x86)/atmel/studio/7.0/toolchain/avr8/avr8-gnu-toolchain/bin/../lib/gcc/avr/5.4.0/avr51\libgcc.a(_udivmodhi4.o)
 .text.libgcc.mul
                0x00000000        0x0 c:/program files (x86)/atmel/studio/7.0/toolchain/avr8/avr8-gnu-toolchain/bin/../lib/gcc/avr/5.4.0/avr51\libgcc.a(_udivmodhi4.o)
 .text.libgcc   0x00000000        0x0 c:/program files (x86)/atmel/studio/7.0/toolchain/avr8/avr8-gnu-toolchain/bin/../lib/gcc/avr/5.4.0/avr51\libgcc.a(_udivmodhi4.o)
 .text.libgcc.prologue
                0x00000000        0x0 c:/program files (x86)/atmel/studio/7.0/toolchain/avr8/avr8-gnu-toolchain/bin/../lib/gcc/avr/5.4.0/avr51\libgcc.a(_udivmodhi4.o)
 .text.libgcc.builtins
                0x00000000        0x0 c:/program files (x86)/atmel/studio/7.0/toolchain/avr8/avr8-gnu-toolchain/bin/../lib/gcc/avr/5.4.0/avr51\libgcc.a(_udivmodhi4.o)
 .text.libgcc.fmul
                0x00000000        0x0 c:/program files (x86)/atmel/studio/7.0/toolchain/avr8/avr8-gnu-toolchain/bin/../lib/gcc/avr/5.4.0/avr51\libgcc.a(_udivmodhi4.o)
 .text.libgcc.fixed
                0x00000000        0x0 c:/program files (x86)/atmel/studio/7.0/toolchain/avr8/avr8-gnu-toolchain/bin/../lib/gcc/avr/5.4.0/avr51\libgcc.a(_udivmodhi4.o)
 .text          0x00000000        0x0 c:/program files (x86)/atmel/studio/7.0/toolchain/avr8/avr8-gnu-toolchain/bin/../lib/gcc/avr/5.4.0/avr51\libgcc.a(_divmodhi4.o)
 .data          0x00000000        0x0 c:/program files (x86)/atmel/studio/7.0/toolchain/avr8/avr8-gnu-toolchain/bin/../lib/gcc/avr/5.4.0/avr51\libgcc.a(_divmodhi4.o)
 .bss           0x00000000        0x0 c:/program files (x86)/atmel/studio/7.0/toolchain/avr8/avr8-gnu-toolchain/bin/../lib/gcc/avr/5.4.0/avr51\libgcc.a(_divmodhi4.o)
 .text.libgcc.mul
                0x00000000        0x0 c:/program files (x86)/atmel/studio/7.0/toolchain/avr8/avr8-gnu-toolchain/bin/../lib/gcc/avr/5.4.0/avr51\libgcc.a(_divmodhi4.o)
 .text.libgcc   0x00000000        0x0 c:/program files (x86)/atmel/studio/7.0/toolchain/avr8/avr8-gnu-toolchain/bin/../lib/gcc/avr/5.4.0/avr51\libgcc.a(_divmodhi4.o)
 .text.libgcc.prologue
                0x00000000        0x0 c:/program files (x86)/atmel/studio/7.0/toolchain/avr8/avr8-gnu-toolchain/bin/../lib/gcc/avr/5.4.0/avr51\libgcc.a(_divmodhi4.o)
 .text.libgcc.builtins
                0x00000000        0x0 c:/program files (x86)/atmel/studio/7.0/toolchain/avr8/avr8-gnu-toolchain/bin/../lib/gcc/avr/5.4.0/avr51\libgcc.a(_divmodhi4.o)
 .text.libgcc.fmul
                0x00000000        0x0 c:/program files (x86)/atmel/studio/7.0/toolchain/avr8/avr8-gnu-toolchain/bin/../lib/gcc/avr/5.4.0/avr51\libgcc.a(_divmodhi4.o)
 .text.libgcc.fixed
                0x00000000        0x0 c:/program files (x86)/atmel/studio/7.0/toolchain/avr8/avr8-gnu-toolchain/bin/../lib/gcc/avr/5.4.0/avr51\libgcc.a(_divmodhi4.o)
 .text          0x00000000        0x0 c:/program files (x86)/atmel/studio/7.0/toolchain/avr8/avr8-gnu-toolchain/bin/../lib/gcc/avr/5.4.0/avr51\libgcc.a(_exit.o)
 .data          0x00000000        0x0 c:/program files (x86)/atmel/studio/7.0/toolchain/avr8/avr8-gnu-toolchain/bin/../lib/gcc/avr/5.4.0/avr51\libgcc.a(_exit.o)
 .bss           0x00000000        0x0 c:/program files (x86)/atmel/studio/7.0/toolchain/avr8/avr8-gnu-toolchain/bin/../lib/gcc/avr/5.4.0/avr51\libgcc.a(_exit.o)
 .text.libgcc.mul
                0x00000000        0x0 c:/program files (x86)/atmel/studio/7.0/toolchain/avr8/avr8-gnu-toolchain/bin/../lib/gcc/avr/5.4.0/avr51\libgcc.a(_exit.o)
 .text.libgcc.div
                0x00000000        0x0 c:/program files (x86)/atmel/studio/7.0/toolchain/avr8/avr8-gnu-toolchain/bin/../lib/gcc/avr/5.4.0/avr51\libgcc.a(_exit.o)
 .text.libgcc   0x00000000        0x0 c:/program files (x86)/atmel/studio/7.0/toolchain/avr8/avr8-gnu-toolchain/bin/../lib/gcc/avr/5.4.0/avr51\libgcc.a(_exit.o)
 .text.libgcc.prologue
                0x00000000        0x0 c:/program files (x86)/atmel/studio/7.0/toolchain/avr8/avr8-gnu-toolchain/bin/../lib/gcc/avr/5.4.0/avr51\libgcc.a(_exit.o)
 .text.libgcc.builtins
                0x00000000        0x0 c:/program files (x86)/atmel/studio/7.0/toolchain/avr8/avr8-gnu-toolchain/bin/../lib/gcc/avr/5.4.0/avr51\libgcc.a(_exit.o)
 .text.libgcc.fmul
                0x00000000        0x0 c:/program files (x86)/atmel/studio/7.0/toolchain/avr8/avr8-gnu-toolchain/bin/../lib/gcc/avr/5.4.0/avr51\libgcc.a(_exit.o)
 .text.libgcc.fixed
                0x00000000        0x0 c:/program files (x86)/atmel/studio/7.0/toolchain/avr8/avr8-gnu-toolchain/bin/../lib/gcc/avr/5.4.0/avr51\libgcc.a(_exit.o)
 .text          0x00000000        0x0 c:/program files (x86)/atmel/studio/7.0/toolchain/avr8/avr8-gnu-toolchain/bin/../lib/gcc/avr/5.4.0/avr51\libgcc.a(_copy_data.o)
 .data          0x00000000        0x0 c:/program files (x86)/atmel/studio/7.0/toolchain/avr8/avr8-gnu-toolchain/bin/../lib/gcc/avr/5.4.0/avr51\libgcc.a(_copy_data.o)
 .bss           0x00000000        0x0 c:/program files (x86)/atmel/studio/7.0/toolchain/avr8/avr8-gnu-toolchain/bin/../lib/gcc/avr/5.4.0/avr51\libgcc.a(_copy_data.o)
 .text.libgcc.mul
                0x00000000        0x0 c:/program files (x86)/atmel/studio/7.0/toolchain/avr8/avr8-gnu-toolchain/bin/../lib/gcc/avr/5.4.0/avr51\libgcc.a(_copy_data.o)
 .text.libgcc.div
                0x00000000        0x0 c:/program files (x86)/atmel/studio/7.0/toolchain/avr8/avr8-gnu-toolchain/bin/../lib/gcc/avr/5.4.0/avr51\libgcc.a(_copy_data.o)
 .text.libgcc   0x00000000        0x0 c:/program files (x86)/atmel/studio/7.0/toolchain/avr8/avr8-gnu-toolchain/bin/../lib/gcc/avr/5.4.0/avr51\libgcc.a(_copy_data.o)
 .text.libgcc.prologue
                0x00000000        0x0 c:/program files (x86)/atmel/studio/7.0/toolchain/avr8/avr8-gnu-toolchain/bin/../lib/gcc/avr/5.4.0/avr51\libgcc.a(_copy_data.o)
 .text.libgcc.builtins
                0x00000000        0x0 c:/program files (x86)/atmel/studio/7.0/toolchain/avr8/avr8-gnu-toolchain/bin/../lib/gcc/avr/5.4.0/avr51\libgcc.a(_copy_data.o)
 .text.libgcc.fmul
                0x00000000        0x0 c:/program files (x86)/atmel/studio/7.0/toolchain/avr8/avr8-gnu-toolchain/bin/../lib/gcc/avr/5.4.0/avr51\libgcc.a(_copy_data.o)
 .text.libgcc.fixed
                0x00000000        0x0 c:/program files (x86)/atmel/studio/7.0/toolchain/avr8/avr8-gnu-toolchain/bin/../lib/gcc/avr/5.4.0/avr51\libgcc.a(_copy_data.o)
 .text          0x00000000        0x0 c:/program files (x86)/atmel/studio/7.0/toolchain/avr8/avr8-gnu-toolchain/bin/../lib/gcc/avr/5.4.0/avr51\libgcc.a(_clear_bss.o)
 .data          0x00000000        0x0 c:/program files (x86)/atmel/studio/7.0/toolchain/avr8/avr8-gnu-toolchain/bin/../lib/gcc/avr/5.4.0/avr51\libgcc.a(_clear_bss.o)
 .bss           0x00000000        0x0 c:/program files (x86)/atmel/studio/7.0/toolchain/avr8/avr8-gnu-toolchain/bin/../lib/gcc/avr/5.4.0/avr51\libgcc.a(_clear_bss.o)
 .text.libgcc.mul
                0x00000000        0x0 c:/program files (x86)/atmel/studio/7.0/toolchain/avr8/avr8-gnu-toolchain/bin/../lib/gcc/avr/5.4.0/avr51\libgcc.a(_clear_bss.o)
 .text.libgcc.div
                0x00000000        0x0 c:/program files (x86)/atmel/studio/7.0/toolchain/avr8/avr8-gnu-toolchain/bin/../lib/gcc/avr/5.4.0/avr51\libgcc.a(_clear_bss.o)
 .text.libgcc   0x00000000        0x0 c:/program files (x86)/atmel/studio/7.0/toolchain/avr8/avr8-gnu-toolchain/bin/../lib/gcc/avr/5.4.0/avr51\libgcc.a(_clear_bss.o)
 .text.libgcc.prologue
                0x00000000        0x0 c:/program files (x86)/atmel/studio/7.0/toolchain/avr8/avr8-gnu-toolchain/bin/../lib/gcc/avr/5.4.0/avr51\libgcc.a(_clear_bss.o)
 .text.libgcc.builtins
                0x00000000        0x0 c:/program files (x86)/atmel/studio/7.0/toolchain/avr8/avr8-gnu-toolchain/bin/../lib/gcc/avr/5.4.0/avr51\libgcc.a(_clear_bss.o)
 .text.libgcc.fmul
                0x00000000        0x0 c:/program files (x86)/atmel/studio/7.0/toolchain/avr8/avr8-gnu-toolchain/bin/../lib/gcc/avr/5.4.0/avr51\libgcc.a(_clear_bss.o)
 .text.libgcc.fixed
                0x00000000        0x0 c:/program files (x86)/atmel/studio/7.0/toolchain/avr8/avr8-gnu-toolchain/bin/../lib/gcc/avr/5.4.0/avr51\libgcc.a(_clear_bss.o)
 .text          0x00000000        0x0 c:/program files (x86)/atmel/studio/7.0/toolchain/avr8/avr8-gnu-toolchain/bin/../lib/gcc/avr/5.4.0/avr51\libgcc.a(_umulhisi3.o)
 .data          0x00000000        0x0 c:/program files (x86)/atmel/studio/7.0/toolchain/avr8/avr8-gnu-toolchain/bin/../lib/gcc/avr/5.4.0/avr51\libgcc.a(_umulhisi3.o)
 .bss           0x00000000        0x0 c:/program files (x86)/atmel/studio/7.0/toolchain/avr8/avr8-gnu-toolchain/bin/../lib/gcc/avr/5.4.0/avr51\libgcc.a(_umulhisi3.o)
 .text.libgcc.div
                0x00000000        0x0 c:/program files (x86)/atmel/studio/7.0/toolchain/avr8/avr8-gnu-toolchain/bin/../lib/gcc/avr/5.4.0/avr51\libgcc.a(_umulhisi3.o)
 .text.libgcc   0x00000000        0x0 c:/program files (x86)/atmel/studio/7.0/toolchain/avr8/avr8-gnu-toolchain/bin/../lib/gcc/avr/5.4.0/avr51\libgcc.a(_umulhisi3.o)
 .text.libgcc.prologue
                0x00000000        0x0 c:/program files (x86)/atmel/studio/7.0/toolchain/avr8/avr8-gnu-toolchain/bin/../lib/gcc/avr/5.4.0/avr51\libgcc.a(_umulhisi3.o)
 .text.libgcc.builtins
                0x00000000        0x0 c:/program files (x86)/atmel/studio/7.0/toolchain/avr8/avr8-gnu-toolchain/bin/../lib/gcc/avr/5.4.0/avr51\libgcc.a(_umulhisi3.o)
 .text.libgcc.fmul
                0x00000000        0x0 c:/program files (x86)/atmel/studio/7.0/toolchain/avr8/avr8-gnu-toolchain/bin/../lib/gcc/avr/5.4.0/avr51\libgcc.a(_umulhisi3.o)
 .text.libgcc.fixed
                0x00000000        0x0 c:/program files (x86)/atmel/studio/7.0/toolchain/avr8/avr8-gnu-toolchain/bin/../lib/gcc/avr/5.4.0/avr51\libgcc.a(_umulhisi3.o)

Memory Configuration

Name             Origin             Length             Attributes
text             0x00000000         0x00020000         xr
data             0x00800100         0x0000ff00         rw !x
eeprom           0x00810000         0x00010000         rw !x
fuse             0x00820000         0x00000003         rw !x
lock             0x00830000         0x00000400         rw !x
signature        0x00840000         0x00000400         rw !x
user_signatures  0x00850000         0x00000400         rw !x
*default*        0x00000000         0xffffffff

Linker script and memory map

Address of section .data set to 0x800100
LOAD C:/Program Files (x86)/Atmel/Studio/7.0/Packs/atmel/ATmega_DFP/1.2.132/gcc/dev/at90usb1287/avr51/crtat90usb1287.o
LOAD src/adc.o
LOAD src/Buffer.o
LOAD src/interrupt.o
LOAD src/led.o
LOAD src/LinkedQueue.o
LOAD src/mtimer.o
LOAD src/pwm.o
LOAD src/stepper.o
LOAD src/Switches.o
LOAD src/usart.o
LOAD src/ASF/common/boards/user_board/init.o
LOAD src/main.o
START GROUP
LOAD c:/program files (x86)/atmel/studio/7.0/toolchain/avr8/avr8-gnu-toolchain/bin/../lib/gcc/avr/5.4.0/../../../../avr/lib/avr51\libm.a
END GROUP
START GROUP
LOAD c:/program files (x86)/atmel/studio/7.0/toolchain/avr8/avr8-gnu-toolchain/bin/../lib/gcc/avr/5.4.0/avr51\libgcc.a
LOAD c:/program files (x86)/atmel/studio/7.0/toolchain/avr8/avr8-gnu-toolchain/bin/../lib/gcc/avr/5.4.0/../../../../avr/lib/avr51\libm.a
LOAD c:/program files (x86)/atmel/studio/7.0/toolchain/avr8/avr8-gnu-toolchain/bin/../lib/gcc/avr/5.4.0/../../../../avr/lib/avr51\libc.a
LOAD C:/Program Files (x86)/Atmel/Studio/7.0/Packs/atmel/ATmega_DFP/1.2.132/gcc/dev/at90usb1287/avr51\libat90usb1287.a
END GROUP
                0x00020000                __TEXT_REGION_LENGTH__ = DEFINED (__TEXT_REGION_LENGTH__)?__TEXT_REGION_LENGTH__:0x20000
                0x0000ff00                __DATA_REGION_LENGTH__ = DEFINED (__DATA_REGION_LENGTH__)?__DATA_REGION_LENGTH__:0xff00
                0x00010000                __EEPROM_REGION_LENGTH__ = DEFINED (__EEPROM_REGION_LENGTH__)?__EEPROM_REGION_LENGTH__:0x10000
                [0x00000003]                __FUSE_REGION_LENGTH__ = DEFINED (__FUSE_REGION_LENGTH__)?__FUSE_REGION_LENGTH__:0x400
                0x00000400                __LOCK_REGION_LENGTH__ = DEFINED (__LOCK_REGION_LENGTH__)?__LOCK_REGION_LENGTH__:0x400
                0x00000400                __SIGNATURE_REGION_LENGTH__ = DEFINED (__SIGNATURE_REGION_LENGTH__)?__SIGNATURE_REGION_LENGTH__:0x400
                0x00000400                __USER_SIGNATURE_REGION_LENGTH__ = DEFINED (__USER_SIGNATURE_REGION_LENGTH__)?__USER_SIGNATURE_REGION_LENGTH__:0x400

.hash
 *(.hash)

.dynsym
 *(.dynsym)

.dynstr
 *(.dynstr)

.gnu.version
 *(.gnu.version)

.gnu.version_d
 *(.gnu.version_d)

.gnu.version_r
 *(.gnu.version_r)

.rel.init
 *(.rel.init)

.rela.init
 *(.rela.init)

.rel.text
 *(.rel.text)
 *(.rel.text.*)
 *(.rel.gnu.linkonce.t*)

.rela.text
 *(.rela.text)
 *(.rela.text.*)
 *(.rela.gnu.linkonce.t*)

.rel.fini
 *(.rel.fini)

.rela.fini
 *(.rela.fini)

.rel.rodata
 *(.rel.rodata)
 *(.rel.rodata.*)
 *(.rel.gnu.linkonce.r*)

.rela.rodata
 *(.rela.rodata)
 *(.rela.rodata.*)
 *(.rela.gnu.linkonce.r*)

.rel.data
 *(.rel.data)
 *(.rel.data.*)
 *(.rel.gnu.linkonce.d*)

.rela.data
 *(.rela.data)
 *(.rela.data.*)
 *(.rela.gnu.linkonce.d*)

.rel.ctors
 *(.rel.ctors)

.rela.ctors
 *(.rela.ctors)

.rel.dtors
 *(.rel.dtors)

.rela.dtors
 *(.rela.dtors)

.rel.got
 *(.rel.got)

.rela.got
 *(.rela.got)

.rel.bss
 *(.rel.bss)

.rela.bss
 *(.rela.bss)

.rel.plt
 *(.rel.plt)

.rela.plt
 *(.rela.plt)

.text           0x00000000     0x132c
 *(.vectors)
 .vectors       0x00000000       0x98 C:/Program Files (x86)/Atmel/Studio/7.0/Packs/atmel/ATmega_DFP/1.2.132/gcc/dev/at90usb1287/avr51/crtat90usb1287.o
                0x00000000                __vector_default
                0x00000000                __vectors
 *(.vectors)
 *(.progmem.gcc*)
                0x00000098                . = ALIGN (0x2)
                0x00000098                __trampolines_start = .
 *(.trampolines)
 .trampolines   0x00000098        0x0 linker stubs
 *(.trampolines*)
                0x00000098                __trampolines_end = .
 *libprintf_flt.a:*(.progmem.data)
 *libc.a:*(.progmem.data)
 *(.progmem*)
                0x00000098                . = ALIGN (0x2)
 *(.jumptables)
 *(.jumptables*)
 *(.lowtext)
 *(.lowtext*)
                0x00000098                __ctors_start = .
 *(.ctors)
                0x00000098                __ctors_end = .
                0x00000098                __dtors_start = .
 *(.dtors)
                0x00000098                __dtors_end = .
 SORT(*)(.ctors)
 SORT(*)(.dtors)
 *(.init0)
 .init0         0x00000098        0x0 C:/Program Files (x86)/Atmel/Studio/7.0/Packs/atmel/ATmega_DFP/1.2.132/gcc/dev/at90usb1287/avr51/crtat90usb1287.o
                0x00000098                __init
 *(.init0)
 *(.init1)
 *(.init1)
 *(.init2)
 .init2         0x00000098        0xc C:/Program Files (x86)/Atmel/Studio/7.0/Packs/atmel/ATmega_DFP/1.2.132/gcc/dev/at90usb1287/avr51/crtat90usb1287.o
 *(.init2)
 *(.init3)
 *(.init3)
 *(.init4)
 .init4         0x000000a4       0x1a c:/program files (x86)/atmel/studio/7.0/toolchain/avr8/avr8-gnu-toolchain/bin/../lib/gcc/avr/5.4.0/avr51\libgcc.a(_copy_data.o)
                0x000000a4                __do_copy_data
 .init4         0x000000be       0x10 c:/program files (x86)/atmel/studio/7.0/toolchain/avr8/avr8-gnu-toolchain/bin/../lib/gcc/avr/5.4.0/avr51\libgcc.a(_clear_bss.o)
                0x000000be                __do_clear_bss
 *(.init4)
 *(.init5)
 *(.init5)
 *(.init6)
 *(.init6)
 *(.init7)
 *(.init7)
 *(.init8)
 *(.init8)
 *(.init9)
 .init9         0x000000ce        0x6 C:/Program Files (x86)/Atmel/Studio/7.0/Packs/atmel/ATmega_DFP/1.2.132/gcc/dev/at90usb1287/avr51/crtat90usb1287.o
 *(.init9)
 *(.text)
 .text          0x000000d4        0x2 C:/Program Files (x86)/Atmel/Studio/7.0/Packs/atmel/ATmega_DFP/1.2.132/gcc/dev/at90usb1287/avr51/crtat90usb1287.o
                0x000000d4                __vector_22
                0x000000d4                __vector_28
                0x000000d4                __vector_34
                0x000000d4                __vector_24
                0x000000d4                __vector_12
                0x000000d4                __bad_interrupt
                0x000000d4                __vector_31
                0x000000d4                __vector_35
                0x000000d4                __vector_23
                0x000000d4                __vector_30
                0x000000d4                __vector_25
                0x000000d4                __vector_11
                0x000000d4                __vector_13
                0x000000d4                __vector_17
                0x000000d4                __vector_19
                0x000000d4                __vector_27
                0x000000d4                __vector_33
                0x000000d4                __vector_37
                0x000000d4                __vector_4
                0x000000d4                __vector_9
                0x000000d4                __vector_21
                0x000000d4                __vector_15
                0x000000d4                __vector_36
                0x000000d4                __vector_26
                0x000000d4                __vector_14
                0x000000d4                __vector_10
                0x000000d4                __vector_16
                0x000000d4                __vector_18
                0x000000d4                __vector_20
                0x000000d6                . = ALIGN (0x2)
 *(.text.*)
 .text.init_adc
                0x000000d6       0x5e src/adc.o
                0x000000d6                init_adc
 .text.set_default_voltage
                0x00000134       0x44 src/adc.o
                0x00000134                set_default_voltage
 .text.adc_start_conv
                0x00000178       0x22 src/adc.o
                0x00000178                adc_start_conv
 .text.adc_stop_conv
                0x0000019a       0x1c src/adc.o
                0x0000019a                adc_stop_conv
 .text.read_Min_ADC
                0x000001b6       0x16 src/adc.o
                0x000001b6                read_Min_ADC
 .text.ADC_reset_count
                0x000001cc       0x20 src/adc.o
                0x000001cc                ADC_reset_count
 .text.ADC_return_Count
                0x000001ec       0x16 src/adc.o
                0x000001ec                ADC_return_Count
 .text.ADC_return_time_under
                0x00000202       0x16 src/adc.o
                0x00000202                ADC_return_time_under
 .text.ADC_interrupt
                0x00000218       0x78 src/adc.o
                0x00000218                ADC_interrupt
 .text.buf_init
                0x00000290       0x34 src/Buffer.o
                0x00000290                buf_init
 .text.buf_new  0x000002c4       0xa0 src/Buffer.o
                0x000002c4                buf_new
 .text.set_second_prox_sensor_item
                0x00000364       0x64 src/Buffer.o
                0x00000364                set_second_prox_sensor_item
 .text.buf_get_first_item_material
                0x000003c8       0x2c src/Buffer.o
                0x000003c8                buf_get_first_item_material
 .text.remove_first_item
                0x000003f4       0x4e src/Buffer.o
                0x000003f4                remove_first_item
 .text.buffer_get_length
                0x00000442       0x12 src/Buffer.o
                0x00000442                buffer_get_length
 .text.buffer_get_total_sorted
                0x00000454       0x12 src/Buffer.o
                0x00000454                buffer_get_total_sorted
 .text.init_interrupt
                0x00000466       0xa0 src/interrupt.o
                0x00000466                init_interrupt
 .text.init_led
                0x00000506       0x34 src/led.o
                0x00000506                init_led
 .text.status_leds
                0x0000053a       0xdc src/led.o
                0x0000053a                status_leds
 .text.mTimerConfig
                0x00000616       0x42 src/mtimer.o
                0x00000616                mTimerConfig
 .text.mTimer   0x00000658       0x4c src/mtimer.o
                0x00000658                mTimer
 .text.uTimer140
                0x000006a4       0x80 src/mtimer.o
                0x000006a4                uTimer140
 .text.init_pwm
                0x00000724       0x3e src/pwm.o
                0x00000724                init_pwm
 .text.set_dc_motor_speed
                0x00000762       0x20 src/pwm.o
                0x00000762                set_dc_motor_speed
 .text.stop_pwm
                0x00000782       0x18 src/pwm.o
                0x00000782                stop_pwm
 .text.start_pwm
                0x0000079a       0x1e src/pwm.o
                0x0000079a                start_pwm
 .text.set_motor_setting
                0x000007b8       0x76 src/pwm.o
                0x000007b8                set_motor_setting
 .text.drive_stepper
                0x0000082e       0x32 src/stepper.o
 .text.init_stepper
                0x00000860       0x1e src/stepper.o
                0x00000860                init_stepper
 .text.step     0x0000087e       0x5c src/stepper.o
                0x0000087e                step
 .text.get_current_stepper_material
                0x000008da       0x12 src/stepper.o
                0x000008da                get_current_stepper_material
 .text.check_if_home
                0x000008ec       0x12 src/stepper.o
                0x000008ec                check_if_home
 .text.block_till_stepper_home
                0x000008fe       0x2c src/stepper.o
                0x000008fe                block_till_stepper_home
 .text.stepper_repeat_steps
                0x0000092a      0x12a src/stepper.o
                0x0000092a                stepper_repeat_steps
 .text.go_to_material
                0x00000a54       0xc4 src/stepper.o
                0x00000a54                go_to_material
 .text.__vector_6
                0x00000b18       0x30 src/stepper.o
                0x00000b18                __vector_6
 .text.usartInit
                0x00000b48       0x6a src/usart.o
                0x00000b48                usartInit
 .text.usartTX  0x00000bb2       0x36 src/usart.o
                0x00000bb2                usartTX
 .text.usartTXs
                0x00000be8       0x52 src/usart.o
                0x00000be8                usartTXs
 .text.usartNumTXs
                0x00000c3a      0x140 src/usart.o
                0x00000c3a                usartNumTXs
 .text.main     0x00000d7a       0xd2 src/main.o
                0x00000d7a                main
 .text.__vector_29
                0x00000e4c       0x64 src/main.o
                0x00000e4c                __vector_29
 .text.__vector_5
                0x00000eb0       0x6c src/main.o
                0x00000eb0                __vector_5
 .text.__vector_7
                0x00000f1c      0x13e src/main.o
                0x00000f1c                __vector_7
 .text.__vector_8
                0x0000105a       0x26 src/main.o
                0x0000105a                __vector_8
 .text.__vector_1
                0x00001080       0xfe src/main.o
                0x00001080                __vector_1
 .text.__vector_2
                0x0000117e       0x8c src/main.o
                0x0000117e                __vector_2
 .text.__vector_3
                0x0000120a       0x8c src/main.o
                0x0000120a                __vector_3
 .text.__vector_32
                0x00001296       0x26 src/main.o
                0x00001296                __vector_32
 .text.libgcc.div
                0x000012bc       0x28 c:/program files (x86)/atmel/studio/7.0/toolchain/avr8/avr8-gnu-toolchain/bin/../lib/gcc/avr/5.4.0/avr51\libgcc.a(_udivmodhi4.o)
                0x000012bc                __udivmodhi4
 .text.libgcc.div
                0x000012e4       0x26 c:/program files (x86)/atmel/studio/7.0/toolchain/avr8/avr8-gnu-toolchain/bin/../lib/gcc/avr/5.4.0/avr51\libgcc.a(_divmodhi4.o)
                0x000012e4                _div
                0x000012e4                __divmodhi4
 .text.libgcc.mul
                0x0000130a       0x1e c:/program files (x86)/atmel/studio/7.0/toolchain/avr8/avr8-gnu-toolchain/bin/../lib/gcc/avr/5.4.0/avr51\libgcc.a(_umulhisi3.o)
                0x0000130a                __umulhisi3
                0x00001328                . = ALIGN (0x2)
 *(.fini9)
 .fini9         0x00001328        0x0 c:/program files (x86)/atmel/studio/7.0/toolchain/avr8/avr8-gnu-toolchain/bin/../lib/gcc/avr/5.4.0/avr51\libgcc.a(_exit.o)
                0x00001328                _exit
                0x00001328                exit
 *(.fini9)
 *(.fini8)
 *(.fini8)
 *(.fini7)
 *(.fini7)
 *(.fini6)
 *(.fini6)
 *(.fini5)
 *(.fini5)
 *(.fini4)
 *(.fini4)
 *(.fini3)
 *(.fini3)
 *(.fini2)
 *(.fini2)
 *(.fini1)
 *(.fini1)
 *(.fini0)
 .fini0         0x00001328        0x4 c:/program files (x86)/atmel/studio/7.0/toolchain/avr8/avr8-gnu-toolchain/bin/../lib/gcc/avr/5.4.0/avr51\libgcc.a(_exit.o)
 *(.fini0)
                0x0000132c                _etext = .

.data           0x00800100       0xc4 load address 0x0000132c
                0x00800100                PROVIDE (__data_start, .)
 *(.data)
 *(.data*)
 .data.less_than_20_rev_up
                0x00800100       0x28 src/stepper.o
                0x00800100                less_than_20_rev_up
 .data.less_than_20_rev_dw
                0x00800128       0x14 src/stepper.o
                0x00800128                less_than_20_rev_dw
 .data.steps_lookup
                0x0080013c        0x8 src/stepper.o
 .data.counter.2283
                0x00800144        0x1 src/main.o
 .data.last_state.2299
                0x00800145        0x1 src/main.o
 *(.rodata)
 .rodata        0x00800146        0xb src/adc.o
 .rodata        0x00800151       0x72 src/main.o
 *(.rodata*)
 *(.gnu.linkonce.d*)
                0x008001c4                . = ALIGN (0x2)
 *fill*         0x008001c3        0x1 
                0x008001c4                _edata = .
                0x008001c4                PROVIDE (__data_end, .)

.bss            0x008001c4      0x11b
                0x008001c4                PROVIDE (__bss_start, .)
 *(.bss)
 *(.bss*)
 .bss.current_step.2211
                0x008001c4        0x1 src/stepper.o
 .bss.pause_fsm
                0x008001c5        0x1 src/main.o
                0x008001c5                pause_fsm
 .bss.ratio_under.2298
                0x008001c6        0x2 src/main.o
 *(COMMON)
 COMMON         0x008001c8        0xe src/adc.o
                0x008001c8                ADC_result
                0x008001ca                default_voltage
                0x008001cc                time_under_90_percent_volt
                0x008001ce                ADC_result_change_flag
                0x008001cf                Total_Count
                0x008001d1                default_voltage_90_percent
                0x008001d3                ADC_Min_result
                0x008001d5                ADC_keep_running
 COMMON         0x008001d6      0x107 src/Buffer.o
                0x008001d6                total_sorted
                0x008001d7                most_recent_idx_to_past_second_prox_sensor
                0x008001d8                buf_length
                0x008001d9                alum_sorted
                0x008001da                ramp_state
                0x008001db                first_on_belt
                0x008001dc                most_recent_pushed_idx
                0x008001dd                white_sorted
                0x008001de                steel_sorted
                0x008001df                current_belt_status
                0x008001e0                belt
                0x008002da                black_sorted
                0x008002db                current_push_idx
                0x008002dc                pause_state
 COMMON         0x008002dd        0x2 src/stepper.o
                0x008002dd                home_flag
                0x008002de                stepper_material_position
                0x008002df                PROVIDE (__bss_end, .)
                0x0000132c                __data_load_start = LOADADDR (.data)
                0x000013f0                __data_load_end = (__data_load_start + SIZEOF (.data))

.noinit         0x008002df        0x0
                [!provide]                PROVIDE (__noinit_start, .)
 *(.noinit*)
                [!provide]                PROVIDE (__noinit_end, .)
                0x008002df                _end = .
                [!provide]                PROVIDE (__heap_start, .)

.eeprom         0x00810000        0x0
 *(.eeprom*)
                0x00810000                __eeprom_end = .

.fuse
 *(.fuse)
 *(.lfuse)
 *(.hfuse)
 *(.efuse)

.lock
 *(.lock*)

.signature
 *(.signature*)

.user_signatures
 *(.user_signatures*)

.stab
 *(.stab)

.stabstr
 *(.stabstr)

.stab.excl
 *(.stab.excl)

.stab.exclstr
 *(.stab.exclstr)

.stab.index
 *(.stab.index)

.stab.indexstr
 *(.stab.indexstr)

.comment        0x00000000       0x30
 *(.comment)
 .comment       0x00000000       0x30 src/adc.o
                                 0x31 (size before relaxing)
 .comment       0x00000030       0x31 src/Buffer.o
 .comment       0x00000030       0x31 src/interrupt.o
 .comment       0x00000030       0x31 src/led.o
 .comment       0x00000030       0x31 src/mtimer.o
 .comment       0x00000030       0x31 src/pwm.o
 .comment       0x00000030       0x31 src/stepper.o
 .comment       0x00000030       0x31 src/usart.o
 .comment       0x00000030       0x31 src/main.o

.note.gnu.avr.deviceinfo
                0x00000000       0x40
 .note.gnu.avr.deviceinfo
                0x00000000       0x40 C:/Program Files (x86)/Atmel/Studio/7.0/Packs/atmel/ATmega_DFP/1.2.132/gcc/dev/at90usb1287/avr51/crtat90usb1287.o

.note.gnu.build-id
 *(.note.gnu.build-id)

.debug
 *(.debug)

.line
 *(.line)

.debug_srcinfo
 *(.debug_srcinfo)

.debug_sfnames
 *(.debug_sfnames)

.debug_aranges  0x00000000      0x290
 *(.debug_aranges)
 .debug_aranges
                0x00000000       0x60 src/adc.o
 .debug_aranges
                0x00000060       0x68 src/Buffer.o
 .debug_aranges
                0x000000c8       0x20 src/interrupt.o
 .debug_aranges
                0x000000e8       0x38 src/led.o
 .debug_aranges
                0x00000120       0x38 src/mtimer.o
 .debug_aranges
                0x00000158       0x40 src/pwm.o
 .debug_aranges
                0x00000198       0x60 src/stepper.o
 .debug_aranges
                0x000001f8       0x38 src/usart.o
 .debug_aranges
                0x00000230       0x60 src/main.o

.debug_pubnames
 *(.debug_pubnames)

.debug_info     0x00000000     0x1ff9
 *(.debug_info .gnu.linkonce.wi.*)
 .debug_info    0x00000000      0xb70 C:/Program Files (x86)/Atmel/Studio/7.0/Packs/atmel/ATmega_DFP/1.2.132/gcc/dev/at90usb1287/avr51/crtat90usb1287.o
 .debug_info    0x00000b70      0x1dc src/adc.o
 .debug_info    0x00000d4c      0x393 src/Buffer.o
 .debug_info    0x000010df       0x86 src/interrupt.o
 .debug_info    0x00001165      0x161 src/led.o
 .debug_info    0x000012c6      0x10c src/mtimer.o
 .debug_info    0x000013d2      0x142 src/pwm.o
 .debug_info    0x00001514      0x52c src/stepper.o
 .debug_info    0x00001a40      0x13a src/usart.o
 .debug_info    0x00001b7a      0x47f src/main.o

.debug_abbrev   0x00000000     0x12ef
 *(.debug_abbrev)
 .debug_abbrev  0x00000000      0xad2 C:/Program Files (x86)/Atmel/Studio/7.0/Packs/atmel/ATmega_DFP/1.2.132/gcc/dev/at90usb1287/avr51/crtat90usb1287.o
 .debug_abbrev  0x00000ad2       0x91 src/adc.o
 .debug_abbrev  0x00000b63      0x111 src/Buffer.o
 .debug_abbrev  0x00000c74       0x52 src/interrupt.o
 .debug_abbrev  0x00000cc6       0xea src/led.o
 .debug_abbrev  0x00000db0       0xa2 src/mtimer.o
 .debug_abbrev  0x00000e52       0xdb src/pwm.o
 .debug_abbrev  0x00000f2d      0x190 src/stepper.o
 .debug_abbrev  0x000010bd       0xc5 src/usart.o
 .debug_abbrev  0x00001182      0x16d src/main.o

.debug_line     0x00000000     0x2d15
 *(.debug_line .debug_line.* .debug_line_end)
 .debug_line    0x00000000      0x17b C:/Program Files (x86)/Atmel/Studio/7.0/Packs/atmel/ATmega_DFP/1.2.132/gcc/dev/at90usb1287/avr51/crtat90usb1287.o
 .debug_line    0x0000017b      0x527 src/adc.o
 .debug_line    0x000006a2      0x56a src/Buffer.o
 .debug_line    0x00000c0c      0x273 src/interrupt.o
 .debug_line    0x00000e7f      0x4a2 src/led.o
 .debug_line    0x00001321      0x48a src/mtimer.o
 .debug_line    0x000017ab      0x310 src/pwm.o
 .debug_line    0x00001abb      0x65b src/stepper.o
 .debug_line    0x00002116      0x47c src/usart.o
 .debug_line    0x00002592      0x783 src/main.o

.debug_frame    0x00000000      0x958
 *(.debug_frame)
 .debug_frame   0x00000000      0x134 src/adc.o
 .debug_frame   0x00000134      0x154 src/Buffer.o
 .debug_frame   0x00000288       0x34 src/interrupt.o
 .debug_frame   0x000002bc       0x94 src/led.o
 .debug_frame   0x00000350       0x94 src/mtimer.o
 .debug_frame   0x000003e4       0xb4 src/pwm.o
 .debug_frame   0x00000498      0x140 src/stepper.o
 .debug_frame   0x000005d8       0x94 src/usart.o
 .debug_frame   0x0000066c      0x2ec src/main.o

.debug_str      0x00000000    0x124f5
 *(.debug_str)
 .debug_str     0x00000000      0x3f7 C:/Program Files (x86)/Atmel/Studio/7.0/Packs/atmel/ATmega_DFP/1.2.132/gcc/dev/at90usb1287/avr51/crtat90usb1287.o
 .debug_str     0x000003f7    0x1164b src/adc.o
                              0x11907 (size before relaxing)
 .debug_str     0x00011a42      0x47f src/Buffer.o
                              0x11c67 (size before relaxing)
 .debug_str     0x00011ec1       0x22 src/interrupt.o
                               0x76bb (size before relaxing)
 .debug_str     0x00011ee3       0x9d src/led.o
                              0x117ed (size before relaxing)
 .debug_str     0x00011f80       0x3a src/mtimer.o
                              0x1179c (size before relaxing)
 .debug_str     0x00011fba       0xd3 src/pwm.o
                               0x777a (size before relaxing)
 .debug_str     0x0001208d      0x26c src/stepper.o
                              0x11e1b (size before relaxing)
 .debug_str     0x000122f9       0x47 src/usart.o
                              0x1198e (size before relaxing)
 .debug_str     0x00012340      0x1b5 src/main.o
                              0x11dee (size before relaxing)

.debug_loc      0x00000000     0x124f
 *(.debug_loc)
 .debug_loc     0x00000000      0x213 src/adc.o
 .debug_loc     0x00000213      0x268 src/Buffer.o
 .debug_loc     0x0000047b       0x3b src/interrupt.o
 .debug_loc     0x000004b6      0x106 src/led.o
 .debug_loc     0x000005bc      0x106 src/mtimer.o
 .debug_loc     0x000006c2      0x14e src/pwm.o
 .debug_loc     0x00000810      0x26d src/stepper.o
 .debug_loc     0x00000a7d      0x120 src/usart.o
 .debug_loc     0x00000b9d      0x6b2 src/main.o

.debug_macinfo
 *(.debug_macinfo)

.debug_weaknames
 *(.debug_weaknames)

.debug_funcnames
 *(.debug_funcnames)

.debug_typenames
 *(.debug_typenames)

.debug_varnames
 *(.debug_varnames)

.debug_pubtypes
 *(.debug_pubtypes)

.debug_ranges   0x00000000      0x200
 *(.debug_ranges)
 .debug_ranges  0x00000000       0x50 src/adc.o
 .debug_ranges  0x00000050       0x58 src/Buffer.o
 .debug_ranges  0x000000a8       0x10 src/interrupt.o
 .debug_ranges  0x000000b8       0x28 src/led.o
 .debug_ranges  0x000000e0       0x28 src/mtimer.o
 .debug_ranges  0x00000108       0x30 src/pwm.o
 .debug_ranges  0x00000138       0x50 src/stepper.o
 .debug_ranges  0x00000188       0x28 src/usart.o
 .debug_ranges  0x000001b0       0x50 src/main.o

.debug_macro    0x00000000     0x4d50
 *(.debug_macro)
 .debug_macro   0x00000000      0x18e src/adc.o
 .debug_macro   0x0000018e      0xa66 src/adc.o
 .debug_macro   0x00000bf4       0x10 src/adc.o
 .debug_macro   0x00000c04      0x1c9 src/adc.o
 .debug_macro   0x00000dcd      0x2fc src/adc.o
 .debug_macro   0x000010c9       0x9e src/adc.o
 .debug_macro   0x00001167     0x1953 src/adc.o
 .debug_macro   0x00002aba      0x106 src/adc.o
 .debug_macro   0x00002bc0      0x1e0 src/adc.o
 .debug_macro   0x00002da0       0xcb src/adc.o
 .debug_macro   0x00002e6b       0x34 src/adc.o
 .debug_macro   0x00002e9f       0x18 src/adc.o
 .debug_macro   0x00002eb7       0x6c src/adc.o
 .debug_macro   0x00002f23       0x69 src/adc.o
 .debug_macro   0x00002f8c       0x22 src/adc.o
 .debug_macro   0x00002fae      0x16d src/adc.o
 .debug_macro   0x0000311b       0x1c src/adc.o
 .debug_macro   0x00003137       0x35 src/adc.o
 .debug_macro   0x0000316c       0x66 src/adc.o
 .debug_macro   0x000031d2      0x64b src/adc.o
 .debug_macro   0x0000381d       0x44 src/adc.o
 .debug_macro   0x00003861       0x2c src/adc.o
 .debug_macro   0x0000388d       0x10 src/adc.o
 .debug_macro   0x0000389d      0x175 src/adc.o
 .debug_macro   0x00003a12       0x40 src/adc.o
 .debug_macro   0x00003a52      0x100 src/adc.o
 .debug_macro   0x00003b52      0x2c0 src/adc.o
 .debug_macro   0x00003e12       0x22 src/adc.o
 .debug_macro   0x00003e34      0x1a0 src/Buffer.o
 .debug_macro   0x00003fd4       0x16 src/Buffer.o
 .debug_macro   0x00003fea       0x97 src/Buffer.o
 .debug_macro   0x00004081       0x16 src/Buffer.o
 .debug_macro   0x00004097       0x34 src/Buffer.o
 .debug_macro   0x000040cb       0xf6 src/Buffer.o
 .debug_macro   0x000041c1       0x5a src/Buffer.o
 .debug_macro   0x0000421b       0x96 src/interrupt.o
 .debug_macro   0x000042b1      0x16b src/led.o
 .debug_macro   0x0000441c      0x16b src/mtimer.o
 .debug_macro   0x00004587       0xb8 src/pwm.o
 .debug_macro   0x0000463f      0x1db src/stepper.o
 .debug_macro   0x0000481a      0x192 src/usart.o
 .debug_macro   0x000049ac      0x1f0 src/main.o
 .debug_macro   0x00004b9c      0x10e src/main.o
 .debug_macro   0x00004caa       0x20 src/main.o
 .debug_macro   0x00004cca       0x86 src/main.o
OUTPUT(GccBoardProject1.elf elf32-avr)
LOAD linker stubs
