Archive member included to satisfy reference by file (symbol)

c:/program files (x86)/atmel/studio/7.0/toolchain/avr8/avr8-gnu-toolchain/bin/../lib/gcc/avr/5.4.0/avr51\libgcc.a(_divmodhi4.o)
                              src/Buffer.o (__divmodhi4)
c:/program files (x86)/atmel/studio/7.0/toolchain/avr8/avr8-gnu-toolchain/bin/../lib/gcc/avr/5.4.0/avr51\libgcc.a(_exit.o)
                              C:/Program Files (x86)/Atmel/Studio/7.0/Packs/atmel/ATmega_DFP/1.2.132/gcc/dev/at90usb1287/avr51/crtat90usb1287.o (exit)
c:/program files (x86)/atmel/studio/7.0/toolchain/avr8/avr8-gnu-toolchain/bin/../lib/gcc/avr/5.4.0/avr51\libgcc.a(_copy_data.o)
                              src/stepper.o (__do_copy_data)
c:/program files (x86)/atmel/studio/7.0/toolchain/avr8/avr8-gnu-toolchain/bin/../lib/gcc/avr/5.4.0/avr51\libgcc.a(_clear_bss.o)
                              src/adc.o (__do_clear_bss)
c:/program files (x86)/atmel/studio/7.0/toolchain/avr8/avr8-gnu-toolchain/bin/../lib/gcc/avr/5.4.0/avr51\libgcc.a(_udivmodhi4.o)
                              c:/program files (x86)/atmel/studio/7.0/toolchain/avr8/avr8-gnu-toolchain/bin/../lib/gcc/avr/5.4.0/avr51\libgcc.a(_divmodhi4.o) (__udivmodhi4)

Allocating common symbols
Common symbol       size              file

home_flag           0x1               src/stepper.o
buf_length          0x1               src/Buffer.o
ADC_result          0x1               src/adc.o
ADC_result_change_flag
                    0x1               src/adc.o
most_recent_pushed_idx
                    0x1               src/Buffer.o
belt                0xfa              src/Buffer.o
stepper_material_position
                    0x1               src/stepper.o
starting_idx        0x1               src/Buffer.o
current_push_idx    0x1               src/Buffer.o

Discarded input sections

 .data          0x00000000        0x0 C:/Program Files (x86)/Atmel/Studio/7.0/Packs/atmel/ATmega_DFP/1.2.132/gcc/dev/at90usb1287/avr51/crtat90usb1287.o
 .bss           0x00000000        0x0 C:/Program Files (x86)/Atmel/Studio/7.0/Packs/atmel/ATmega_DFP/1.2.132/gcc/dev/at90usb1287/avr51/crtat90usb1287.o
 .group         0x00000000        0x8 src/adc.o
 .group         0x00000000        0x8 src/adc.o
 .group         0x00000000        0x8 src/adc.o
 .group         0x00000000        0x8 src/adc.o
 .group         0x00000000        0x8 src/adc.o
 .group         0x00000000        0x8 src/adc.o
 .group         0x00000000        0x8 src/adc.o
 .group         0x00000000        0x8 src/adc.o
 .group         0x00000000        0x8 src/adc.o
 .group         0x00000000        0x8 src/adc.o
 .group         0x00000000        0x8 src/adc.o
 .group         0x00000000        0x8 src/adc.o
 .group         0x00000000        0x8 src/adc.o
 .group         0x00000000        0x8 src/adc.o
 .text          0x00000000        0x0 src/adc.o
 .data          0x00000000        0x0 src/adc.o
 .bss           0x00000000        0x0 src/adc.o
 .text.init_adc
                0x00000000       0x1c src/adc.o
 .text.read_ADC
                0x00000000        0x6 src/adc.o
 .group         0x00000000        0x8 src/Buffer.o
 .group         0x00000000        0x8 src/Buffer.o
 .group         0x00000000        0x8 src/Buffer.o
 .group         0x00000000        0x8 src/Buffer.o
 .group         0x00000000        0x8 src/Buffer.o
 .group         0x00000000        0x8 src/Buffer.o
 .group         0x00000000        0x8 src/Buffer.o
 .group         0x00000000        0x8 src/Buffer.o
 .group         0x00000000        0x8 src/Buffer.o
 .group         0x00000000        0x8 src/Buffer.o
 .group         0x00000000        0x8 src/Buffer.o
 .group         0x00000000        0x8 src/Buffer.o
 .group         0x00000000        0x8 src/Buffer.o
 .group         0x00000000        0x8 src/Buffer.o
 .group         0x00000000        0x8 src/Buffer.o
 .group         0x00000000        0x8 src/Buffer.o
 .group         0x00000000        0x8 src/Buffer.o
 .group         0x00000000        0x8 src/Buffer.o
 .group         0x00000000        0x8 src/Buffer.o
 .group         0x00000000        0x8 src/Buffer.o
 .text          0x00000000        0x0 src/Buffer.o
 .data          0x00000000        0x0 src/Buffer.o
 .bss           0x00000000        0x0 src/Buffer.o
 .debug_macro   0x00000000      0xa66 src/Buffer.o
 .debug_macro   0x00000000       0x10 src/Buffer.o
 .debug_macro   0x00000000      0x1c9 src/Buffer.o
 .debug_macro   0x00000000      0x2fc src/Buffer.o
 .debug_macro   0x00000000       0x9e src/Buffer.o
 .debug_macro   0x00000000     0x1953 src/Buffer.o
 .debug_macro   0x00000000      0x106 src/Buffer.o
 .debug_macro   0x00000000      0x1e0 src/Buffer.o
 .debug_macro   0x00000000       0xcb src/Buffer.o
 .debug_macro   0x00000000       0x34 src/Buffer.o
 .debug_macro   0x00000000       0x18 src/Buffer.o
 .debug_macro   0x00000000       0x6c src/Buffer.o
 .debug_macro   0x00000000       0x22 src/Buffer.o
 .group         0x00000000        0x8 src/interrupt.o
 .group         0x00000000        0x8 src/interrupt.o
 .group         0x00000000        0x8 src/interrupt.o
 .group         0x00000000        0x8 src/interrupt.o
 .group         0x00000000        0x8 src/interrupt.o
 .group         0x00000000        0x8 src/interrupt.o
 .group         0x00000000        0x8 src/interrupt.o
 .group         0x00000000        0x8 src/interrupt.o
 .group         0x00000000        0x8 src/interrupt.o
 .group         0x00000000        0x8 src/interrupt.o
 .group         0x00000000        0x8 src/interrupt.o
 .group         0x00000000        0x8 src/interrupt.o
 .text          0x00000000        0x0 src/interrupt.o
 .data          0x00000000        0x0 src/interrupt.o
 .bss           0x00000000        0x0 src/interrupt.o
 .debug_macro   0x00000000      0xa66 src/interrupt.o
 .debug_macro   0x00000000       0x10 src/interrupt.o
 .debug_macro   0x00000000      0x1c9 src/interrupt.o
 .debug_macro   0x00000000      0x2fc src/interrupt.o
 .debug_macro   0x00000000       0x9e src/interrupt.o
 .debug_macro   0x00000000     0x1953 src/interrupt.o
 .debug_macro   0x00000000      0x106 src/interrupt.o
 .debug_macro   0x00000000      0x1e0 src/interrupt.o
 .debug_macro   0x00000000       0xcb src/interrupt.o
 .debug_macro   0x00000000       0x34 src/interrupt.o
 .debug_macro   0x00000000       0x18 src/interrupt.o
 .debug_macro   0x00000000       0x6c src/interrupt.o
 .group         0x00000000        0x8 src/led.o
 .group         0x00000000        0x8 src/led.o
 .group         0x00000000        0x8 src/led.o
 .group         0x00000000        0x8 src/led.o
 .group         0x00000000        0x8 src/led.o
 .group         0x00000000        0x8 src/led.o
 .group         0x00000000        0x8 src/led.o
 .group         0x00000000        0x8 src/led.o
 .group         0x00000000        0x8 src/led.o
 .group         0x00000000        0x8 src/led.o
 .group         0x00000000        0x8 src/led.o
 .group         0x00000000        0x8 src/led.o
 .group         0x00000000        0x8 src/led.o
 .group         0x00000000        0x8 src/led.o
 .group         0x00000000        0x8 src/led.o
 .group         0x00000000        0x8 src/led.o
 .group         0x00000000        0x8 src/led.o
 .group         0x00000000        0x8 src/led.o
 .group         0x00000000        0x8 src/led.o
 .group         0x00000000        0x8 src/led.o
 .group         0x00000000        0x8 src/led.o
 .group         0x00000000        0x8 src/led.o
 .group         0x00000000        0x8 src/led.o
 .group         0x00000000        0x8 src/led.o
 .group         0x00000000        0x8 src/led.o
 .group         0x00000000        0x8 src/led.o
 .text          0x00000000        0x0 src/led.o
 .data          0x00000000        0x0 src/led.o
 .bss           0x00000000        0x0 src/led.o
 .text.write_to_led_display
                0x00000000        0x4 src/led.o
 .text.night_rider_update
                0x00000000       0x3c src/led.o
 .text.status_leds
                0x00000000        0x2 src/led.o
 .bss.current_LED.1977
                0x00000000        0x1 src/led.o
 .debug_macro   0x00000000      0xa66 src/led.o
 .debug_macro   0x00000000       0x10 src/led.o
 .debug_macro   0x00000000      0x1c9 src/led.o
 .debug_macro   0x00000000      0x2fc src/led.o
 .debug_macro   0x00000000       0x9e src/led.o
 .debug_macro   0x00000000     0x1953 src/led.o
 .debug_macro   0x00000000      0x106 src/led.o
 .debug_macro   0x00000000      0x1e0 src/led.o
 .debug_macro   0x00000000       0xcb src/led.o
 .debug_macro   0x00000000       0x34 src/led.o
 .debug_macro   0x00000000       0x18 src/led.o
 .debug_macro   0x00000000       0x6c src/led.o
 .debug_macro   0x00000000       0x22 src/led.o
 .debug_macro   0x00000000       0x1c src/led.o
 .debug_macro   0x00000000       0x69 src/led.o
 .group         0x00000000        0x8 src/LinkedQueue.o
 .text          0x00000000        0x0 src/LinkedQueue.o
 .data          0x00000000        0x0 src/LinkedQueue.o
 .bss           0x00000000        0x0 src/LinkedQueue.o
 .debug_info    0x00000000       0x21 src/LinkedQueue.o
 .debug_abbrev  0x00000000       0x13 src/LinkedQueue.o
 .debug_aranges
                0x00000000       0x18 src/LinkedQueue.o
 .debug_macro   0x00000000       0x11 src/LinkedQueue.o
 .debug_macro   0x00000000      0xa66 src/LinkedQueue.o
 .debug_line    0x00000000       0x32 src/LinkedQueue.o
 .debug_str     0x00000000     0x2b89 src/LinkedQueue.o
 .comment       0x00000000       0x31 src/LinkedQueue.o
 .group         0x00000000        0x8 src/mtimer.o
 .group         0x00000000        0x8 src/mtimer.o
 .group         0x00000000        0x8 src/mtimer.o
 .group         0x00000000        0x8 src/mtimer.o
 .group         0x00000000        0x8 src/mtimer.o
 .group         0x00000000        0x8 src/mtimer.o
 .group         0x00000000        0x8 src/mtimer.o
 .group         0x00000000        0x8 src/mtimer.o
 .group         0x00000000        0x8 src/mtimer.o
 .group         0x00000000        0x8 src/mtimer.o
 .group         0x00000000        0x8 src/mtimer.o
 .group         0x00000000        0x8 src/mtimer.o
 .group         0x00000000        0x8 src/mtimer.o
 .group         0x00000000        0x8 src/mtimer.o
 .group         0x00000000        0x8 src/mtimer.o
 .group         0x00000000        0x8 src/mtimer.o
 .group         0x00000000        0x8 src/mtimer.o
 .group         0x00000000        0x8 src/mtimer.o
 .group         0x00000000        0x8 src/mtimer.o
 .group         0x00000000        0x8 src/mtimer.o
 .group         0x00000000        0x8 src/mtimer.o
 .group         0x00000000        0x8 src/mtimer.o
 .group         0x00000000        0x8 src/mtimer.o
 .group         0x00000000        0x8 src/mtimer.o
 .group         0x00000000        0x8 src/mtimer.o
 .group         0x00000000        0x8 src/mtimer.o
 .text          0x00000000        0x0 src/mtimer.o
 .data          0x00000000        0x0 src/mtimer.o
 .bss           0x00000000        0x0 src/mtimer.o
 .debug_macro   0x00000000      0xa66 src/mtimer.o
 .debug_macro   0x00000000       0x10 src/mtimer.o
 .debug_macro   0x00000000      0x1c9 src/mtimer.o
 .debug_macro   0x00000000      0x2fc src/mtimer.o
 .debug_macro   0x00000000       0x9e src/mtimer.o
 .debug_macro   0x00000000     0x1953 src/mtimer.o
 .debug_macro   0x00000000      0x106 src/mtimer.o
 .debug_macro   0x00000000      0x1e0 src/mtimer.o
 .debug_macro   0x00000000       0xcb src/mtimer.o
 .debug_macro   0x00000000       0x34 src/mtimer.o
 .debug_macro   0x00000000       0x18 src/mtimer.o
 .debug_macro   0x00000000       0x6c src/mtimer.o
 .debug_macro   0x00000000       0x22 src/mtimer.o
 .debug_macro   0x00000000      0x16d src/mtimer.o
 .debug_macro   0x00000000       0x1c src/mtimer.o
 .debug_macro   0x00000000       0x35 src/mtimer.o
 .debug_macro   0x00000000       0x66 src/mtimer.o
 .debug_macro   0x00000000      0x64b src/mtimer.o
 .debug_macro   0x00000000       0x44 src/mtimer.o
 .debug_macro   0x00000000       0x69 src/mtimer.o
 .debug_macro   0x00000000       0x2c src/mtimer.o
 .debug_macro   0x00000000       0x10 src/mtimer.o
 .debug_macro   0x00000000      0x175 src/mtimer.o
 .debug_macro   0x00000000       0x40 src/mtimer.o
 .debug_macro   0x00000000      0x100 src/mtimer.o
 .debug_macro   0x00000000      0x2c0 src/mtimer.o
 .group         0x00000000        0x8 src/pwm.o
 .group         0x00000000        0x8 src/pwm.o
 .group         0x00000000        0x8 src/pwm.o
 .group         0x00000000        0x8 src/pwm.o
 .group         0x00000000        0x8 src/pwm.o
 .group         0x00000000        0x8 src/pwm.o
 .group         0x00000000        0x8 src/pwm.o
 .group         0x00000000        0x8 src/pwm.o
 .group         0x00000000        0x8 src/pwm.o
 .group         0x00000000        0x8 src/pwm.o
 .group         0x00000000        0x8 src/pwm.o
 .group         0x00000000        0x8 src/pwm.o
 .text          0x00000000        0x0 src/pwm.o
 .data          0x00000000        0x0 src/pwm.o
 .bss           0x00000000        0x0 src/pwm.o
 .debug_macro   0x00000000      0xa66 src/pwm.o
 .debug_macro   0x00000000       0x10 src/pwm.o
 .debug_macro   0x00000000      0x1c9 src/pwm.o
 .debug_macro   0x00000000      0x2fc src/pwm.o
 .debug_macro   0x00000000       0x9e src/pwm.o
 .debug_macro   0x00000000     0x1953 src/pwm.o
 .debug_macro   0x00000000      0x106 src/pwm.o
 .debug_macro   0x00000000      0x1e0 src/pwm.o
 .debug_macro   0x00000000       0xcb src/pwm.o
 .debug_macro   0x00000000       0x34 src/pwm.o
 .debug_macro   0x00000000       0x18 src/pwm.o
 .debug_macro   0x00000000       0x6c src/pwm.o
 .group         0x00000000        0x8 src/stepper.o
 .group         0x00000000        0x8 src/stepper.o
 .group         0x00000000        0x8 src/stepper.o
 .group         0x00000000        0x8 src/stepper.o
 .group         0x00000000        0x8 src/stepper.o
 .group         0x00000000        0x8 src/stepper.o
 .group         0x00000000        0x8 src/stepper.o
 .group         0x00000000        0x8 src/stepper.o
 .group         0x00000000        0x8 src/stepper.o
 .group         0x00000000        0x8 src/stepper.o
 .group         0x00000000        0x8 src/stepper.o
 .group         0x00000000        0x8 src/stepper.o
 .group         0x00000000        0x8 src/stepper.o
 .group         0x00000000        0x8 src/stepper.o
 .group         0x00000000        0x8 src/stepper.o
 .group         0x00000000        0x8 src/stepper.o
 .group         0x00000000        0x8 src/stepper.o
 .group         0x00000000        0x8 src/stepper.o
 .group         0x00000000        0x8 src/stepper.o
 .group         0x00000000        0x8 src/stepper.o
 .group         0x00000000        0x8 src/stepper.o
 .group         0x00000000        0x8 src/stepper.o
 .group         0x00000000        0x8 src/stepper.o
 .group         0x00000000        0x8 src/stepper.o
 .group         0x00000000        0x8 src/stepper.o
 .group         0x00000000        0x8 src/stepper.o
 .group         0x00000000        0x8 src/stepper.o
 .text          0x00000000        0x0 src/stepper.o
 .data          0x00000000        0x0 src/stepper.o
 .bss           0x00000000        0x0 src/stepper.o
 .text.check_if_home
                0x00000000        0x6 src/stepper.o
 .debug_macro   0x00000000      0xa66 src/stepper.o
 .debug_macro   0x00000000       0x22 src/stepper.o
 .debug_macro   0x00000000       0x10 src/stepper.o
 .debug_macro   0x00000000      0x1c9 src/stepper.o
 .debug_macro   0x00000000      0x2fc src/stepper.o
 .debug_macro   0x00000000       0x9e src/stepper.o
 .debug_macro   0x00000000     0x1953 src/stepper.o
 .debug_macro   0x00000000      0x106 src/stepper.o
 .debug_macro   0x00000000      0x1e0 src/stepper.o
 .debug_macro   0x00000000       0xcb src/stepper.o
 .debug_macro   0x00000000       0x34 src/stepper.o
 .debug_macro   0x00000000       0x18 src/stepper.o
 .debug_macro   0x00000000       0x6c src/stepper.o
 .debug_macro   0x00000000       0x16 src/stepper.o
 .debug_macro   0x00000000      0x16d src/stepper.o
 .debug_macro   0x00000000       0x1c src/stepper.o
 .debug_macro   0x00000000       0x35 src/stepper.o
 .debug_macro   0x00000000       0x66 src/stepper.o
 .debug_macro   0x00000000      0x64b src/stepper.o
 .debug_macro   0x00000000       0x44 src/stepper.o
 .debug_macro   0x00000000       0x69 src/stepper.o
 .debug_macro   0x00000000       0x2c src/stepper.o
 .debug_macro   0x00000000       0x10 src/stepper.o
 .debug_macro   0x00000000      0x175 src/stepper.o
 .debug_macro   0x00000000       0x40 src/stepper.o
 .debug_macro   0x00000000      0x100 src/stepper.o
 .debug_macro   0x00000000      0x2c0 src/stepper.o
 .group         0x00000000        0x8 src/Switches.o
 .group         0x00000000        0x8 src/Switches.o
 .group         0x00000000        0x8 src/Switches.o
 .group         0x00000000        0x8 src/Switches.o
 .group         0x00000000        0x8 src/Switches.o
 .group         0x00000000        0x8 src/Switches.o
 .group         0x00000000        0x8 src/Switches.o
 .group         0x00000000        0x8 src/Switches.o
 .group         0x00000000        0x8 src/Switches.o
 .group         0x00000000        0x8 src/Switches.o
 .group         0x00000000        0x8 src/Switches.o
 .group         0x00000000        0x8 src/Switches.o
 .group         0x00000000        0x8 src/Switches.o
 .group         0x00000000        0x8 src/Switches.o
 .group         0x00000000        0x8 src/Switches.o
 .group         0x00000000        0x8 src/Switches.o
 .group         0x00000000        0x8 src/Switches.o
 .group         0x00000000        0x8 src/Switches.o
 .group         0x00000000        0x8 src/Switches.o
 .group         0x00000000        0x8 src/Switches.o
 .group         0x00000000        0x8 src/Switches.o
 .group         0x00000000        0x8 src/Switches.o
 .group         0x00000000        0x8 src/Switches.o
 .group         0x00000000        0x8 src/Switches.o
 .group         0x00000000        0x8 src/Switches.o
 .group         0x00000000        0x8 src/Switches.o
 .text          0x00000000        0x0 src/Switches.o
 .data          0x00000000        0x0 src/Switches.o
 .bss           0x00000000        0x0 src/Switches.o
 .text.is_button_pressed
                0x00000000        0xe src/Switches.o
 .debug_info    0x00000000       0xbf src/Switches.o
 .debug_abbrev  0x00000000       0x7d src/Switches.o
 .debug_loc     0x00000000       0x21 src/Switches.o
 .debug_aranges
                0x00000000       0x20 src/Switches.o
 .debug_ranges  0x00000000       0x10 src/Switches.o
 .debug_macro   0x00000000      0x165 src/Switches.o
 .debug_macro   0x00000000      0xa66 src/Switches.o
 .debug_macro   0x00000000      0x1c9 src/Switches.o
 .debug_macro   0x00000000      0x2fc src/Switches.o
 .debug_macro   0x00000000       0x16 src/Switches.o
 .debug_macro   0x00000000       0xaa src/Switches.o
 .debug_macro   0x00000000     0x1953 src/Switches.o
 .debug_macro   0x00000000      0x106 src/Switches.o
 .debug_macro   0x00000000      0x1e0 src/Switches.o
 .debug_macro   0x00000000       0xcb src/Switches.o
 .debug_macro   0x00000000       0x34 src/Switches.o
 .debug_macro   0x00000000       0x18 src/Switches.o
 .debug_macro   0x00000000       0x6c src/Switches.o
 .debug_macro   0x00000000       0x22 src/Switches.o
 .debug_macro   0x00000000      0x16d src/Switches.o
 .debug_macro   0x00000000       0x1c src/Switches.o
 .debug_macro   0x00000000       0x35 src/Switches.o
 .debug_macro   0x00000000       0x66 src/Switches.o
 .debug_macro   0x00000000      0x64b src/Switches.o
 .debug_macro   0x00000000       0x44 src/Switches.o
 .debug_macro   0x00000000       0x69 src/Switches.o
 .debug_macro   0x00000000       0x2c src/Switches.o
 .debug_macro   0x00000000       0x10 src/Switches.o
 .debug_macro   0x00000000      0x175 src/Switches.o
 .debug_macro   0x00000000       0x40 src/Switches.o
 .debug_macro   0x00000000      0x100 src/Switches.o
 .debug_macro   0x00000000      0x2c0 src/Switches.o
 .debug_line    0x00000000      0x3c2 src/Switches.o
 .debug_str     0x00000000    0x117f6 src/Switches.o
 .comment       0x00000000       0x31 src/Switches.o
 .debug_frame   0x00000000       0x24 src/Switches.o
 .group         0x00000000        0x8 src/ASF/common/boards/user_board/init.o
 .group         0x00000000        0x8 src/ASF/common/boards/user_board/init.o
 .group         0x00000000        0x8 src/ASF/common/boards/user_board/init.o
 .group         0x00000000        0x8 src/ASF/common/boards/user_board/init.o
 .group         0x00000000        0x8 src/ASF/common/boards/user_board/init.o
 .group         0x00000000        0x8 src/ASF/common/boards/user_board/init.o
 .group         0x00000000        0x8 src/ASF/common/boards/user_board/init.o
 .group         0x00000000        0x8 src/ASF/common/boards/user_board/init.o
 .group         0x00000000        0x8 src/ASF/common/boards/user_board/init.o
 .group         0x00000000        0x8 src/ASF/common/boards/user_board/init.o
 .group         0x00000000        0x8 src/ASF/common/boards/user_board/init.o
 .group         0x00000000        0x8 src/ASF/common/boards/user_board/init.o
 .group         0x00000000        0x8 src/ASF/common/boards/user_board/init.o
 .group         0x00000000        0x8 src/ASF/common/boards/user_board/init.o
 .group         0x00000000        0x8 src/ASF/common/boards/user_board/init.o
 .group         0x00000000        0x8 src/ASF/common/boards/user_board/init.o
 .group         0x00000000        0x8 src/ASF/common/boards/user_board/init.o
 .group         0x00000000        0x8 src/ASF/common/boards/user_board/init.o
 .group         0x00000000        0x8 src/ASF/common/boards/user_board/init.o
 .group         0x00000000        0x8 src/ASF/common/boards/user_board/init.o
 .group         0x00000000        0x8 src/ASF/common/boards/user_board/init.o
 .group         0x00000000        0x8 src/ASF/common/boards/user_board/init.o
 .group         0x00000000        0x8 src/ASF/common/boards/user_board/init.o
 .group         0x00000000        0x8 src/ASF/common/boards/user_board/init.o
 .group         0x00000000        0x8 src/ASF/common/boards/user_board/init.o
 .group         0x00000000        0x8 src/ASF/common/boards/user_board/init.o
 .text          0x00000000        0x0 src/ASF/common/boards/user_board/init.o
 .data          0x00000000        0x0 src/ASF/common/boards/user_board/init.o
 .bss           0x00000000        0x0 src/ASF/common/boards/user_board/init.o
 .text.board_init
                0x00000000        0x2 src/ASF/common/boards/user_board/init.o
 .debug_info    0x00000000       0x7c src/ASF/common/boards/user_board/init.o
 .debug_abbrev  0x00000000       0x47 src/ASF/common/boards/user_board/init.o
 .debug_aranges
                0x00000000       0x20 src/ASF/common/boards/user_board/init.o
 .debug_ranges  0x00000000       0x10 src/ASF/common/boards/user_board/init.o
 .debug_macro   0x00000000      0x161 src/ASF/common/boards/user_board/init.o
 .debug_macro   0x00000000      0xa66 src/ASF/common/boards/user_board/init.o
 .debug_macro   0x00000000       0x10 src/ASF/common/boards/user_board/init.o
 .debug_macro   0x00000000      0x1c9 src/ASF/common/boards/user_board/init.o
 .debug_macro   0x00000000      0x2fc src/ASF/common/boards/user_board/init.o
 .debug_macro   0x00000000       0x9e src/ASF/common/boards/user_board/init.o
 .debug_macro   0x00000000     0x1953 src/ASF/common/boards/user_board/init.o
 .debug_macro   0x00000000      0x106 src/ASF/common/boards/user_board/init.o
 .debug_macro   0x00000000      0x1e0 src/ASF/common/boards/user_board/init.o
 .debug_macro   0x00000000       0xcb src/ASF/common/boards/user_board/init.o
 .debug_macro   0x00000000       0x34 src/ASF/common/boards/user_board/init.o
 .debug_macro   0x00000000       0x18 src/ASF/common/boards/user_board/init.o
 .debug_macro   0x00000000       0x6c src/ASF/common/boards/user_board/init.o
 .debug_macro   0x00000000       0x22 src/ASF/common/boards/user_board/init.o
 .debug_macro   0x00000000      0x16d src/ASF/common/boards/user_board/init.o
 .debug_macro   0x00000000       0x1c src/ASF/common/boards/user_board/init.o
 .debug_macro   0x00000000       0x35 src/ASF/common/boards/user_board/init.o
 .debug_macro   0x00000000       0x66 src/ASF/common/boards/user_board/init.o
 .debug_macro   0x00000000      0x64b src/ASF/common/boards/user_board/init.o
 .debug_macro   0x00000000       0x44 src/ASF/common/boards/user_board/init.o
 .debug_macro   0x00000000       0x69 src/ASF/common/boards/user_board/init.o
 .debug_macro   0x00000000       0x2c src/ASF/common/boards/user_board/init.o
 .debug_macro   0x00000000       0x10 src/ASF/common/boards/user_board/init.o
 .debug_macro   0x00000000      0x175 src/ASF/common/boards/user_board/init.o
 .debug_macro   0x00000000       0x40 src/ASF/common/boards/user_board/init.o
 .debug_macro   0x00000000      0x100 src/ASF/common/boards/user_board/init.o
 .debug_macro   0x00000000      0x2c0 src/ASF/common/boards/user_board/init.o
 .debug_line    0x00000000      0x3a4 src/ASF/common/boards/user_board/init.o
 .debug_str     0x00000000    0x1178b src/ASF/common/boards/user_board/init.o
 .comment       0x00000000       0x31 src/ASF/common/boards/user_board/init.o
 .debug_frame   0x00000000       0x24 src/ASF/common/boards/user_board/init.o
 .group         0x00000000        0x8 src/main.o
 .group         0x00000000        0x8 src/main.o
 .group         0x00000000        0x8 src/main.o
 .group         0x00000000        0x8 src/main.o
 .group         0x00000000        0x8 src/main.o
 .group         0x00000000        0x8 src/main.o
 .group         0x00000000        0x8 src/main.o
 .group         0x00000000        0x8 src/main.o
 .group         0x00000000        0x8 src/main.o
 .group         0x00000000        0x8 src/main.o
 .group         0x00000000        0x8 src/main.o
 .group         0x00000000        0x8 src/main.o
 .group         0x00000000        0x8 src/main.o
 .group         0x00000000        0x8 src/main.o
 .group         0x00000000        0x8 src/main.o
 .group         0x00000000        0x8 src/main.o
 .group         0x00000000        0x8 src/main.o
 .group         0x00000000        0x8 src/main.o
 .group         0x00000000        0x8 src/main.o
 .group         0x00000000        0x8 src/main.o
 .group         0x00000000        0x8 src/main.o
 .text          0x00000000        0x0 src/main.o
 .data          0x00000000        0x0 src/main.o
 .bss           0x00000000        0x0 src/main.o
 .debug_macro   0x00000000      0xa66 src/main.o
 .debug_macro   0x00000000       0x1c src/main.o
 .debug_macro   0x00000000       0x66 src/main.o
 .debug_macro   0x00000000       0x10 src/main.o
 .debug_macro   0x00000000      0x1c9 src/main.o
 .debug_macro   0x00000000      0x2fc src/main.o
 .debug_macro   0x00000000       0x9e src/main.o
 .debug_macro   0x00000000     0x1953 src/main.o
 .debug_macro   0x00000000      0x106 src/main.o
 .debug_macro   0x00000000      0x1e0 src/main.o
 .debug_macro   0x00000000       0xcb src/main.o
 .debug_macro   0x00000000       0x34 src/main.o
 .debug_macro   0x00000000       0x18 src/main.o
 .debug_macro   0x00000000       0x6c src/main.o
 .debug_macro   0x00000000       0x69 src/main.o
 .debug_macro   0x00000000       0x16 src/main.o
 .debug_macro   0x00000000       0x22 src/main.o
 .debug_macro   0x00000000       0x16 src/main.o
 .debug_macro   0x00000000       0x16 src/main.o
 .text          0x00000000        0x0 c:/program files (x86)/atmel/studio/7.0/toolchain/avr8/avr8-gnu-toolchain/bin/../lib/gcc/avr/5.4.0/avr51\libgcc.a(_divmodhi4.o)
 .data          0x00000000        0x0 c:/program files (x86)/atmel/studio/7.0/toolchain/avr8/avr8-gnu-toolchain/bin/../lib/gcc/avr/5.4.0/avr51\libgcc.a(_divmodhi4.o)
 .bss           0x00000000        0x0 c:/program files (x86)/atmel/studio/7.0/toolchain/avr8/avr8-gnu-toolchain/bin/../lib/gcc/avr/5.4.0/avr51\libgcc.a(_divmodhi4.o)
 .text.libgcc.mul
                0x00000000        0x0 c:/program files (x86)/atmel/studio/7.0/toolchain/avr8/avr8-gnu-toolchain/bin/../lib/gcc/avr/5.4.0/avr51\libgcc.a(_divmodhi4.o)
 .text.libgcc   0x00000000        0x0 c:/program files (x86)/atmel/studio/7.0/toolchain/avr8/avr8-gnu-toolchain/bin/../lib/gcc/avr/5.4.0/avr51\libgcc.a(_divmodhi4.o)
 .text.libgcc.prologue
                0x00000000        0x0 c:/program files (x86)/atmel/studio/7.0/toolchain/avr8/avr8-gnu-toolchain/bin/../lib/gcc/avr/5.4.0/avr51\libgcc.a(_divmodhi4.o)
 .text.libgcc.builtins
                0x00000000        0x0 c:/program files (x86)/atmel/studio/7.0/toolchain/avr8/avr8-gnu-toolchain/bin/../lib/gcc/avr/5.4.0/avr51\libgcc.a(_divmodhi4.o)
 .text.libgcc.fmul
                0x00000000        0x0 c:/program files (x86)/atmel/studio/7.0/toolchain/avr8/avr8-gnu-toolchain/bin/../lib/gcc/avr/5.4.0/avr51\libgcc.a(_divmodhi4.o)
 .text.libgcc.fixed
                0x00000000        0x0 c:/program files (x86)/atmel/studio/7.0/toolchain/avr8/avr8-gnu-toolchain/bin/../lib/gcc/avr/5.4.0/avr51\libgcc.a(_divmodhi4.o)
 .text          0x00000000        0x0 c:/program files (x86)/atmel/studio/7.0/toolchain/avr8/avr8-gnu-toolchain/bin/../lib/gcc/avr/5.4.0/avr51\libgcc.a(_exit.o)
 .data          0x00000000        0x0 c:/program files (x86)/atmel/studio/7.0/toolchain/avr8/avr8-gnu-toolchain/bin/../lib/gcc/avr/5.4.0/avr51\libgcc.a(_exit.o)
 .bss           0x00000000        0x0 c:/program files (x86)/atmel/studio/7.0/toolchain/avr8/avr8-gnu-toolchain/bin/../lib/gcc/avr/5.4.0/avr51\libgcc.a(_exit.o)
 .text.libgcc.mul
                0x00000000        0x0 c:/program files (x86)/atmel/studio/7.0/toolchain/avr8/avr8-gnu-toolchain/bin/../lib/gcc/avr/5.4.0/avr51\libgcc.a(_exit.o)
 .text.libgcc.div
                0x00000000        0x0 c:/program files (x86)/atmel/studio/7.0/toolchain/avr8/avr8-gnu-toolchain/bin/../lib/gcc/avr/5.4.0/avr51\libgcc.a(_exit.o)
 .text.libgcc   0x00000000        0x0 c:/program files (x86)/atmel/studio/7.0/toolchain/avr8/avr8-gnu-toolchain/bin/../lib/gcc/avr/5.4.0/avr51\libgcc.a(_exit.o)
 .text.libgcc.prologue
                0x00000000        0x0 c:/program files (x86)/atmel/studio/7.0/toolchain/avr8/avr8-gnu-toolchain/bin/../lib/gcc/avr/5.4.0/avr51\libgcc.a(_exit.o)
 .text.libgcc.builtins
                0x00000000        0x0 c:/program files (x86)/atmel/studio/7.0/toolchain/avr8/avr8-gnu-toolchain/bin/../lib/gcc/avr/5.4.0/avr51\libgcc.a(_exit.o)
 .text.libgcc.fmul
                0x00000000        0x0 c:/program files (x86)/atmel/studio/7.0/toolchain/avr8/avr8-gnu-toolchain/bin/../lib/gcc/avr/5.4.0/avr51\libgcc.a(_exit.o)
 .text.libgcc.fixed
                0x00000000        0x0 c:/program files (x86)/atmel/studio/7.0/toolchain/avr8/avr8-gnu-toolchain/bin/../lib/gcc/avr/5.4.0/avr51\libgcc.a(_exit.o)
 .text          0x00000000        0x0 c:/program files (x86)/atmel/studio/7.0/toolchain/avr8/avr8-gnu-toolchain/bin/../lib/gcc/avr/5.4.0/avr51\libgcc.a(_copy_data.o)
 .data          0x00000000        0x0 c:/program files (x86)/atmel/studio/7.0/toolchain/avr8/avr8-gnu-toolchain/bin/../lib/gcc/avr/5.4.0/avr51\libgcc.a(_copy_data.o)
 .bss           0x00000000        0x0 c:/program files (x86)/atmel/studio/7.0/toolchain/avr8/avr8-gnu-toolchain/bin/../lib/gcc/avr/5.4.0/avr51\libgcc.a(_copy_data.o)
 .text.libgcc.mul
                0x00000000        0x0 c:/program files (x86)/atmel/studio/7.0/toolchain/avr8/avr8-gnu-toolchain/bin/../lib/gcc/avr/5.4.0/avr51\libgcc.a(_copy_data.o)
 .text.libgcc.div
                0x00000000        0x0 c:/program files (x86)/atmel/studio/7.0/toolchain/avr8/avr8-gnu-toolchain/bin/../lib/gcc/avr/5.4.0/avr51\libgcc.a(_copy_data.o)
 .text.libgcc   0x00000000        0x0 c:/program files (x86)/atmel/studio/7.0/toolchain/avr8/avr8-gnu-toolchain/bin/../lib/gcc/avr/5.4.0/avr51\libgcc.a(_copy_data.o)
 .text.libgcc.prologue
                0x00000000        0x0 c:/program files (x86)/atmel/studio/7.0/toolchain/avr8/avr8-gnu-toolchain/bin/../lib/gcc/avr/5.4.0/avr51\libgcc.a(_copy_data.o)
 .text.libgcc.builtins
                0x00000000        0x0 c:/program files (x86)/atmel/studio/7.0/toolchain/avr8/avr8-gnu-toolchain/bin/../lib/gcc/avr/5.4.0/avr51\libgcc.a(_copy_data.o)
 .text.libgcc.fmul
                0x00000000        0x0 c:/program files (x86)/atmel/studio/7.0/toolchain/avr8/avr8-gnu-toolchain/bin/../lib/gcc/avr/5.4.0/avr51\libgcc.a(_copy_data.o)
 .text.libgcc.fixed
                0x00000000        0x0 c:/program files (x86)/atmel/studio/7.0/toolchain/avr8/avr8-gnu-toolchain/bin/../lib/gcc/avr/5.4.0/avr51\libgcc.a(_copy_data.o)
 .text          0x00000000        0x0 c:/program files (x86)/atmel/studio/7.0/toolchain/avr8/avr8-gnu-toolchain/bin/../lib/gcc/avr/5.4.0/avr51\libgcc.a(_clear_bss.o)
 .data          0x00000000        0x0 c:/program files (x86)/atmel/studio/7.0/toolchain/avr8/avr8-gnu-toolchain/bin/../lib/gcc/avr/5.4.0/avr51\libgcc.a(_clear_bss.o)
 .bss           0x00000000        0x0 c:/program files (x86)/atmel/studio/7.0/toolchain/avr8/avr8-gnu-toolchain/bin/../lib/gcc/avr/5.4.0/avr51\libgcc.a(_clear_bss.o)
 .text.libgcc.mul
                0x00000000        0x0 c:/program files (x86)/atmel/studio/7.0/toolchain/avr8/avr8-gnu-toolchain/bin/../lib/gcc/avr/5.4.0/avr51\libgcc.a(_clear_bss.o)
 .text.libgcc.div
                0x00000000        0x0 c:/program files (x86)/atmel/studio/7.0/toolchain/avr8/avr8-gnu-toolchain/bin/../lib/gcc/avr/5.4.0/avr51\libgcc.a(_clear_bss.o)
 .text.libgcc   0x00000000        0x0 c:/program files (x86)/atmel/studio/7.0/toolchain/avr8/avr8-gnu-toolchain/bin/../lib/gcc/avr/5.4.0/avr51\libgcc.a(_clear_bss.o)
 .text.libgcc.prologue
                0x00000000        0x0 c:/program files (x86)/atmel/studio/7.0/toolchain/avr8/avr8-gnu-toolchain/bin/../lib/gcc/avr/5.4.0/avr51\libgcc.a(_clear_bss.o)
 .text.libgcc.builtins
                0x00000000        0x0 c:/program files (x86)/atmel/studio/7.0/toolchain/avr8/avr8-gnu-toolchain/bin/../lib/gcc/avr/5.4.0/avr51\libgcc.a(_clear_bss.o)
 .text.libgcc.fmul
                0x00000000        0x0 c:/program files (x86)/atmel/studio/7.0/toolchain/avr8/avr8-gnu-toolchain/bin/../lib/gcc/avr/5.4.0/avr51\libgcc.a(_clear_bss.o)
 .text.libgcc.fixed
                0x00000000        0x0 c:/program files (x86)/atmel/studio/7.0/toolchain/avr8/avr8-gnu-toolchain/bin/../lib/gcc/avr/5.4.0/avr51\libgcc.a(_clear_bss.o)
 .text          0x00000000        0x0 c:/program files (x86)/atmel/studio/7.0/toolchain/avr8/avr8-gnu-toolchain/bin/../lib/gcc/avr/5.4.0/avr51\libgcc.a(_udivmodhi4.o)
 .data          0x00000000        0x0 c:/program files (x86)/atmel/studio/7.0/toolchain/avr8/avr8-gnu-toolchain/bin/../lib/gcc/avr/5.4.0/avr51\libgcc.a(_udivmodhi4.o)
 .bss           0x00000000        0x0 c:/program files (x86)/atmel/studio/7.0/toolchain/avr8/avr8-gnu-toolchain/bin/../lib/gcc/avr/5.4.0/avr51\libgcc.a(_udivmodhi4.o)
 .text.libgcc.mul
                0x00000000        0x0 c:/program files (x86)/atmel/studio/7.0/toolchain/avr8/avr8-gnu-toolchain/bin/../lib/gcc/avr/5.4.0/avr51\libgcc.a(_udivmodhi4.o)
 .text.libgcc   0x00000000        0x0 c:/program files (x86)/atmel/studio/7.0/toolchain/avr8/avr8-gnu-toolchain/bin/../lib/gcc/avr/5.4.0/avr51\libgcc.a(_udivmodhi4.o)
 .text.libgcc.prologue
                0x00000000        0x0 c:/program files (x86)/atmel/studio/7.0/toolchain/avr8/avr8-gnu-toolchain/bin/../lib/gcc/avr/5.4.0/avr51\libgcc.a(_udivmodhi4.o)
 .text.libgcc.builtins
                0x00000000        0x0 c:/program files (x86)/atmel/studio/7.0/toolchain/avr8/avr8-gnu-toolchain/bin/../lib/gcc/avr/5.4.0/avr51\libgcc.a(_udivmodhi4.o)
 .text.libgcc.fmul
                0x00000000        0x0 c:/program files (x86)/atmel/studio/7.0/toolchain/avr8/avr8-gnu-toolchain/bin/../lib/gcc/avr/5.4.0/avr51\libgcc.a(_udivmodhi4.o)
 .text.libgcc.fixed
                0x00000000        0x0 c:/program files (x86)/atmel/studio/7.0/toolchain/avr8/avr8-gnu-toolchain/bin/../lib/gcc/avr/5.4.0/avr51\libgcc.a(_udivmodhi4.o)

Memory Configuration

Name             Origin             Length             Attributes
text             0x00000000         0x00020000         xr
data             0x00800100         0x0000ff00         rw !x
eeprom           0x00810000         0x00010000         rw !x
fuse             0x00820000         0x00000003         rw !x
lock             0x00830000         0x00000400         rw !x
signature        0x00840000         0x00000400         rw !x
user_signatures  0x00850000         0x00000400         rw !x
*default*        0x00000000         0xffffffff

Linker script and memory map

Address of section .data set to 0x800100
LOAD C:/Program Files (x86)/Atmel/Studio/7.0/Packs/atmel/ATmega_DFP/1.2.132/gcc/dev/at90usb1287/avr51/crtat90usb1287.o
LOAD src/adc.o
LOAD src/Buffer.o
LOAD src/interrupt.o
LOAD src/led.o
LOAD src/LinkedQueue.o
LOAD src/mtimer.o
LOAD src/pwm.o
LOAD src/stepper.o
LOAD src/Switches.o
LOAD src/ASF/common/boards/user_board/init.o
LOAD src/main.o
START GROUP
LOAD c:/program files (x86)/atmel/studio/7.0/toolchain/avr8/avr8-gnu-toolchain/bin/../lib/gcc/avr/5.4.0/../../../../avr/lib/avr51\libm.a
END GROUP
START GROUP
LOAD c:/program files (x86)/atmel/studio/7.0/toolchain/avr8/avr8-gnu-toolchain/bin/../lib/gcc/avr/5.4.0/avr51\libgcc.a
LOAD c:/program files (x86)/atmel/studio/7.0/toolchain/avr8/avr8-gnu-toolchain/bin/../lib/gcc/avr/5.4.0/../../../../avr/lib/avr51\libm.a
LOAD c:/program files (x86)/atmel/studio/7.0/toolchain/avr8/avr8-gnu-toolchain/bin/../lib/gcc/avr/5.4.0/../../../../avr/lib/avr51\libc.a
LOAD C:/Program Files (x86)/Atmel/Studio/7.0/Packs/atmel/ATmega_DFP/1.2.132/gcc/dev/at90usb1287/avr51\libat90usb1287.a
END GROUP
                0x00020000                __TEXT_REGION_LENGTH__ = DEFINED (__TEXT_REGION_LENGTH__)?__TEXT_REGION_LENGTH__:0x20000
                0x0000ff00                __DATA_REGION_LENGTH__ = DEFINED (__DATA_REGION_LENGTH__)?__DATA_REGION_LENGTH__:0xff00
                0x00010000                __EEPROM_REGION_LENGTH__ = DEFINED (__EEPROM_REGION_LENGTH__)?__EEPROM_REGION_LENGTH__:0x10000
                [0x00000003]                __FUSE_REGION_LENGTH__ = DEFINED (__FUSE_REGION_LENGTH__)?__FUSE_REGION_LENGTH__:0x400
                0x00000400                __LOCK_REGION_LENGTH__ = DEFINED (__LOCK_REGION_LENGTH__)?__LOCK_REGION_LENGTH__:0x400
                0x00000400                __SIGNATURE_REGION_LENGTH__ = DEFINED (__SIGNATURE_REGION_LENGTH__)?__SIGNATURE_REGION_LENGTH__:0x400
                0x00000400                __USER_SIGNATURE_REGION_LENGTH__ = DEFINED (__USER_SIGNATURE_REGION_LENGTH__)?__USER_SIGNATURE_REGION_LENGTH__:0x400

.hash
 *(.hash)

.dynsym
 *(.dynsym)

.dynstr
 *(.dynstr)

.gnu.version
 *(.gnu.version)

.gnu.version_d
 *(.gnu.version_d)

.gnu.version_r
 *(.gnu.version_r)

.rel.init
 *(.rel.init)

.rela.init
 *(.rela.init)

.rel.text
 *(.rel.text)
 *(.rel.text.*)
 *(.rel.gnu.linkonce.t*)

.rela.text
 *(.rela.text)
 *(.rela.text.*)
 *(.rela.gnu.linkonce.t*)

.rel.fini
 *(.rel.fini)

.rela.fini
 *(.rela.fini)

.rel.rodata
 *(.rel.rodata)
 *(.rel.rodata.*)
 *(.rel.gnu.linkonce.r*)

.rela.rodata
 *(.rela.rodata)
 *(.rela.rodata.*)
 *(.rela.gnu.linkonce.r*)

.rel.data
 *(.rel.data)
 *(.rel.data.*)
 *(.rel.gnu.linkonce.d*)

.rela.data
 *(.rela.data)
 *(.rela.data.*)
 *(.rela.gnu.linkonce.d*)

.rel.ctors
 *(.rel.ctors)

.rela.ctors
 *(.rela.ctors)

.rel.dtors
 *(.rel.dtors)

.rela.dtors
 *(.rela.dtors)

.rel.got
 *(.rel.got)

.rela.got
 *(.rela.got)

.rel.bss
 *(.rel.bss)

.rela.bss
 *(.rela.bss)

.rel.plt
 *(.rel.plt)

.rela.plt
 *(.rela.plt)

.text           0x00000000      0x5be
 *(.vectors)
 .vectors       0x00000000       0x98 C:/Program Files (x86)/Atmel/Studio/7.0/Packs/atmel/ATmega_DFP/1.2.132/gcc/dev/at90usb1287/avr51/crtat90usb1287.o
                0x00000000                __vector_default
                0x00000000                __vectors
 *(.vectors)
 *(.progmem.gcc*)
                0x00000098                . = ALIGN (0x2)
                0x00000098                __trampolines_start = .
 *(.trampolines)
 .trampolines   0x00000098        0x0 linker stubs
 *(.trampolines*)
                0x00000098                __trampolines_end = .
 *libprintf_flt.a:*(.progmem.data)
 *libc.a:*(.progmem.data)
 *(.progmem*)
                0x00000098                . = ALIGN (0x2)
 *(.jumptables)
 *(.jumptables*)
 *(.lowtext)
 *(.lowtext*)
                0x00000098                __ctors_start = .
 *(.ctors)
                0x00000098                __ctors_end = .
                0x00000098                __dtors_start = .
 *(.dtors)
                0x00000098                __dtors_end = .
 SORT(*)(.ctors)
 SORT(*)(.dtors)
 *(.init0)
 .init0         0x00000098        0x0 C:/Program Files (x86)/Atmel/Studio/7.0/Packs/atmel/ATmega_DFP/1.2.132/gcc/dev/at90usb1287/avr51/crtat90usb1287.o
                0x00000098                __init
 *(.init0)
 *(.init1)
 *(.init1)
 *(.init2)
 .init2         0x00000098        0xc C:/Program Files (x86)/Atmel/Studio/7.0/Packs/atmel/ATmega_DFP/1.2.132/gcc/dev/at90usb1287/avr51/crtat90usb1287.o
 *(.init2)
 *(.init3)
 *(.init3)
 *(.init4)
 .init4         0x000000a4       0x1a c:/program files (x86)/atmel/studio/7.0/toolchain/avr8/avr8-gnu-toolchain/bin/../lib/gcc/avr/5.4.0/avr51\libgcc.a(_copy_data.o)
                0x000000a4                __do_copy_data
 .init4         0x000000be       0x10 c:/program files (x86)/atmel/studio/7.0/toolchain/avr8/avr8-gnu-toolchain/bin/../lib/gcc/avr/5.4.0/avr51\libgcc.a(_clear_bss.o)
                0x000000be                __do_clear_bss
 *(.init4)
 *(.init5)
 *(.init5)
 *(.init6)
 *(.init6)
 *(.init7)
 *(.init7)
 *(.init8)
 *(.init8)
 *(.init9)
 .init9         0x000000ce        0x4 C:/Program Files (x86)/Atmel/Studio/7.0/Packs/atmel/ATmega_DFP/1.2.132/gcc/dev/at90usb1287/avr51/crtat90usb1287.o
 *(.init9)
 *(.text)
 .text          0x000000d2        0x2 C:/Program Files (x86)/Atmel/Studio/7.0/Packs/atmel/ATmega_DFP/1.2.132/gcc/dev/at90usb1287/avr51/crtat90usb1287.o
                0x000000d2                __vector_22
                0x000000d2                __vector_28
                0x000000d2                __vector_32
                0x000000d2                __vector_34
                0x000000d2                __vector_24
                0x000000d2                __vector_12
                0x000000d2                __bad_interrupt
                0x000000d2                __vector_31
                0x000000d2                __vector_35
                0x000000d2                __vector_3
                0x000000d2                __vector_23
                0x000000d2                __vector_30
                0x000000d2                __vector_25
                0x000000d2                __vector_11
                0x000000d2                __vector_13
                0x000000d2                __vector_17
                0x000000d2                __vector_19
                0x000000d2                __vector_27
                0x000000d2                __vector_33
                0x000000d2                __vector_37
                0x000000d2                __vector_4
                0x000000d2                __vector_9
                0x000000d2                __vector_2
                0x000000d2                __vector_21
                0x000000d2                __vector_15
                0x000000d2                __vector_36
                0x000000d2                __vector_26
                0x000000d2                __vector_14
                0x000000d2                __vector_10
                0x000000d2                __vector_16
                0x000000d2                __vector_18
                0x000000d2                __vector_20
                0x000000d4                . = ALIGN (0x2)
 *(.text.*)
 .text.adc_start_conv
                0x000000d4        0xc src/adc.o
                0x000000d4                adc_start_conv
 .text.ADC_interrupt
                0x000000e0       0x1e src/adc.o
                0x000000e0                ADC_interrupt
 .text.buf_init
                0x000000fe        0xe src/Buffer.o
                0x000000fe                buf_init
 .text.buf_new  0x0000010c       0x48 src/Buffer.o
                0x0000010c                buf_new
 .text.buf_is_magnetic
                0x00000154       0x22 src/Buffer.o
                0x00000154                buf_is_magnetic
 .text.buf_get_first_item_material
                0x00000176       0x1e src/Buffer.o
                0x00000176                buf_get_first_item_material
 .text.init_interrupt
                0x00000194       0x2e src/interrupt.o
                0x00000194                init_interrupt
 .text.init_led
                0x000001c2        0x8 src/led.o
                0x000001c2                init_led
 .text.mTimerConfig
                0x000001ca        0xc src/mtimer.o
                0x000001ca                mTimerConfig
 .text.mTimer   0x000001d6       0x40 src/mtimer.o
                0x000001d6                mTimer
 .text.init_pwm
                0x00000216       0x12 src/pwm.o
                0x00000216                init_pwm
 .text.set_dc_motor_speed
                0x00000228        0x4 src/pwm.o
                0x00000228                set_dc_motor_speed
 .text.set_motor_setting
                0x0000022c       0x16 src/pwm.o
                0x0000022c                set_motor_setting
 .text.stop_pwm
                0x00000242        0x8 src/pwm.o
                0x00000242                stop_pwm
 .text.init_stepper
                0x0000024a        0xa src/stepper.o
                0x0000024a                init_stepper
 .text.step     0x00000254       0x4c src/stepper.o
                0x00000254                step
 .text.get_current_stepper_material
                0x000002a0        0x6 src/stepper.o
                0x000002a0                get_current_stepper_material
 .text.block_till_stepper_home
                0x000002a6       0x22 src/stepper.o
                0x000002a6                block_till_stepper_home
 .text.stepper_repeat_steps
                0x000002c8       0x28 src/stepper.o
                0x000002c8                stepper_repeat_steps
 .text.go_to_material
                0x000002f0       0xc4 src/stepper.o
                0x000002f0                go_to_material
 .text.__vector_6
                0x000003b4       0x1e src/stepper.o
                0x000003b4                __vector_6
 .text.main     0x000003d2       0x42 src/main.o
                0x000003d2                main
 .text.__vector_29
                0x00000414       0x4e src/main.o
                0x00000414                __vector_29
 .text.__vector_5
                0x00000462       0x4e src/main.o
                0x00000462                __vector_5
 .text.__vector_7
                0x000004b0       0x5a src/main.o
                0x000004b0                __vector_7
 .text.__vector_8
                0x0000050a       0x4e src/main.o
                0x0000050a                __vector_8
 .text.__vector_1
                0x00000558       0x14 src/main.o
                0x00000558                __vector_1
 .text.libgcc.div
                0x0000056c       0x26 c:/program files (x86)/atmel/studio/7.0/toolchain/avr8/avr8-gnu-toolchain/bin/../lib/gcc/avr/5.4.0/avr51\libgcc.a(_divmodhi4.o)
                0x0000056c                _div
                0x0000056c                __divmodhi4
 .text.libgcc.div
                0x00000592       0x28 c:/program files (x86)/atmel/studio/7.0/toolchain/avr8/avr8-gnu-toolchain/bin/../lib/gcc/avr/5.4.0/avr51\libgcc.a(_udivmodhi4.o)
                0x00000592                __udivmodhi4
                0x000005ba                . = ALIGN (0x2)
 *(.fini9)
 .fini9         0x000005ba        0x0 c:/program files (x86)/atmel/studio/7.0/toolchain/avr8/avr8-gnu-toolchain/bin/../lib/gcc/avr/5.4.0/avr51\libgcc.a(_exit.o)
                0x000005ba                _exit
                0x000005ba                exit
 *(.fini9)
 *(.fini8)
 *(.fini8)
 *(.fini7)
 *(.fini7)
 *(.fini6)
 *(.fini6)
 *(.fini5)
 *(.fini5)
 *(.fini4)
 *(.fini4)
 *(.fini3)
 *(.fini3)
 *(.fini2)
 *(.fini2)
 *(.fini1)
 *(.fini1)
 *(.fini0)
 .fini0         0x000005ba        0x4 c:/program files (x86)/atmel/studio/7.0/toolchain/avr8/avr8-gnu-toolchain/bin/../lib/gcc/avr/5.4.0/avr51\libgcc.a(_exit.o)
 *(.fini0)
                0x000005be                _etext = .

.data           0x00800100        0x8 load address 0x000005be
                0x00800100                PROVIDE (__data_start, .)
 *(.data)
 *(.data*)
 *(.rodata)
 *(.rodata*)
 .rodata.steps_lookup
                0x00800100        0x8 src/stepper.o
 *(.gnu.linkonce.d*)
                0x00800108                . = ALIGN (0x2)
                0x00800108                _edata = .
                0x00800108                PROVIDE (__data_end, .)

.bss            0x00800108      0x103
                0x00800108                PROVIDE (__bss_start, .)
 *(.bss)
 *(.bss*)
 .bss.current_step.2004
                0x00800108        0x1 src/stepper.o
 *(COMMON)
 COMMON         0x00800109        0x2 src/adc.o
                0x00800109                ADC_result
                0x0080010a                ADC_result_change_flag
 COMMON         0x0080010b       0xfe src/Buffer.o
                0x0080010b                buf_length
                0x0080010c                most_recent_pushed_idx
                0x0080010d                belt
                0x00800207                starting_idx
                0x00800208                current_push_idx
 COMMON         0x00800209        0x2 src/stepper.o
                0x00800209                home_flag
                0x0080020a                stepper_material_position
                0x0080020b                PROVIDE (__bss_end, .)
                0x000005be                __data_load_start = LOADADDR (.data)
                0x000005c6                __data_load_end = (__data_load_start + SIZEOF (.data))

.noinit         0x0080020b        0x0
                [!provide]                PROVIDE (__noinit_start, .)
 *(.noinit*)
                [!provide]                PROVIDE (__noinit_end, .)
                0x0080020b                _end = .
                [!provide]                PROVIDE (__heap_start, .)

.eeprom         0x00810000        0x0
 *(.eeprom*)
                0x00810000                __eeprom_end = .

.fuse
 *(.fuse)
 *(.lfuse)
 *(.hfuse)
 *(.efuse)

.lock
 *(.lock*)

.signature
 *(.signature*)

.user_signatures
 *(.user_signatures*)

.stab
 *(.stab)

.stabstr
 *(.stabstr)

.stab.excl
 *(.stab.excl)

.stab.exclstr
 *(.stab.exclstr)

.stab.index
 *(.stab.index)

.stab.indexstr
 *(.stab.indexstr)

.comment        0x00000000       0x30
 *(.comment)
 .comment       0x00000000       0x30 src/adc.o
                                 0x31 (size before relaxing)
 .comment       0x00000030       0x31 src/Buffer.o
 .comment       0x00000030       0x31 src/interrupt.o
 .comment       0x00000030       0x31 src/led.o
 .comment       0x00000030       0x31 src/mtimer.o
 .comment       0x00000030       0x31 src/pwm.o
 .comment       0x00000030       0x31 src/stepper.o
 .comment       0x00000030       0x31 src/main.o

.note.gnu.avr.deviceinfo
                0x00000000       0x40
 .note.gnu.avr.deviceinfo
                0x00000000       0x40 C:/Program Files (x86)/Atmel/Studio/7.0/Packs/atmel/ATmega_DFP/1.2.132/gcc/dev/at90usb1287/avr51/crtat90usb1287.o

.note.gnu.build-id
 *(.note.gnu.build-id)

.debug
 *(.debug)

.line
 *(.line)

.debug_srcinfo
 *(.debug_srcinfo)

.debug_sfnames
 *(.debug_sfnames)

.debug_aranges  0x00000000      0x1c8
 *(.debug_aranges)
 .debug_aranges
                0x00000000       0x38 src/adc.o
 .debug_aranges
                0x00000038       0x38 src/Buffer.o
 .debug_aranges
                0x00000070       0x20 src/interrupt.o
 .debug_aranges
                0x00000090       0x38 src/led.o
 .debug_aranges
                0x000000c8       0x28 src/mtimer.o
 .debug_aranges
                0x000000f0       0x38 src/pwm.o
 .debug_aranges
                0x00000128       0x58 src/stepper.o
 .debug_aranges
                0x00000180       0x48 src/main.o

.debug_pubnames
 *(.debug_pubnames)

.debug_info     0x00000000     0x1b5e
 *(.debug_info .gnu.linkonce.wi.*)
 .debug_info    0x00000000      0xb70 C:/Program Files (x86)/Atmel/Studio/7.0/Packs/atmel/ATmega_DFP/1.2.132/gcc/dev/at90usb1287/avr51/crtat90usb1287.o
 .debug_info    0x00000b70      0x102 src/adc.o
 .debug_info    0x00000c72      0x20c src/Buffer.o
 .debug_info    0x00000e7e       0x86 src/interrupt.o
 .debug_info    0x00000f04      0x158 src/led.o
 .debug_info    0x0000105c       0xc4 src/mtimer.o
 .debug_info    0x00001120      0x158 src/pwm.o
 .debug_info    0x00001278      0x449 src/stepper.o
 .debug_info    0x000016c1      0x49d src/main.o

.debug_abbrev   0x00000000     0x1238
 *(.debug_abbrev)
 .debug_abbrev  0x00000000      0xad2 C:/Program Files (x86)/Atmel/Studio/7.0/Packs/atmel/ATmega_DFP/1.2.132/gcc/dev/at90usb1287/avr51/crtat90usb1287.o
 .debug_abbrev  0x00000ad2       0x9e src/adc.o
 .debug_abbrev  0x00000b70       0xd0 src/Buffer.o
 .debug_abbrev  0x00000c40       0x52 src/interrupt.o
 .debug_abbrev  0x00000c92       0xea src/led.o
 .debug_abbrev  0x00000d7c       0x88 src/mtimer.o
 .debug_abbrev  0x00000e04      0x115 src/pwm.o
 .debug_abbrev  0x00000f19      0x1ed src/stepper.o
 .debug_abbrev  0x00001106      0x132 src/main.o

.debug_line     0x00000000     0x1e03
 *(.debug_line .debug_line.* .debug_line_end)
 .debug_line    0x00000000      0x17b C:/Program Files (x86)/Atmel/Studio/7.0/Packs/atmel/ATmega_DFP/1.2.132/gcc/dev/at90usb1287/avr51/crtat90usb1287.o
 .debug_line    0x0000017b      0x2e0 src/adc.o
 .debug_line    0x0000045b      0x311 src/Buffer.o
 .debug_line    0x0000076c      0x261 src/interrupt.o
 .debug_line    0x000009cd      0x406 src/led.o
 .debug_line    0x00000dd3      0x40a src/mtimer.o
 .debug_line    0x000011dd      0x2b8 src/pwm.o
 .debug_line    0x00001495      0x581 src/stepper.o
 .debug_line    0x00001a16      0x3ed src/main.o

.debug_frame    0x00000000      0x414
 *(.debug_frame)
 .debug_frame   0x00000000       0x60 src/adc.o
 .debug_frame   0x00000060       0x54 src/Buffer.o
 .debug_frame   0x000000b4       0x24 src/interrupt.o
 .debug_frame   0x000000d8       0x54 src/led.o
 .debug_frame   0x0000012c       0x34 src/mtimer.o
 .debug_frame   0x00000160       0x54 src/pwm.o
 .debug_frame   0x000001b4       0xbc src/stepper.o
 .debug_frame   0x00000270      0x1a4 src/main.o

.debug_str      0x00000000    0x12076
 *(.debug_str)
 .debug_str     0x00000000      0x3f7 C:/Program Files (x86)/Atmel/Studio/7.0/Packs/atmel/ATmega_DFP/1.2.132/gcc/dev/at90usb1287/avr51/crtat90usb1287.o
 .debug_str     0x000003f7     0x7933 src/adc.o
                               0x7ad4 (size before relaxing)
 .debug_str     0x00007d2a      0x6b6 src/Buffer.o
                               0x7e04 (size before relaxing)
 .debug_str     0x000083e0       0x22 src/interrupt.o
                               0x76d0 (size before relaxing)
 .debug_str     0x00008402     0x994b src/led.o
                              0x11802 (size before relaxing)
 .debug_str     0x00011d4d       0x2a src/mtimer.o
                              0x1179b (size before relaxing)
 .debug_str     0x00011d77       0xc9 src/pwm.o
                               0x7785 (size before relaxing)
 .debug_str     0x00011e40      0x194 src/stepper.o
                              0x11996 (size before relaxing)
 .debug_str     0x00011fd4       0xa2 src/main.o
                               0x8370 (size before relaxing)

.debug_loc      0x00000000      0x586
 *(.debug_loc)
 .debug_loc     0x00000000       0x2f src/adc.o
 .debug_loc     0x0000002f       0x4c src/mtimer.o
 .debug_loc     0x0000007b       0x14 src/pwm.o
 .debug_loc     0x0000008f      0x18f src/stepper.o
 .debug_loc     0x0000021e      0x368 src/main.o

.debug_macinfo
 *(.debug_macinfo)

.debug_weaknames
 *(.debug_weaknames)

.debug_funcnames
 *(.debug_funcnames)

.debug_typenames
 *(.debug_typenames)

.debug_varnames
 *(.debug_varnames)

.debug_pubtypes
 *(.debug_pubtypes)

.debug_ranges   0x00000000      0x148
 *(.debug_ranges)
 .debug_ranges  0x00000000       0x28 src/adc.o
 .debug_ranges  0x00000028       0x28 src/Buffer.o
 .debug_ranges  0x00000050       0x10 src/interrupt.o
 .debug_ranges  0x00000060       0x28 src/led.o
 .debug_ranges  0x00000088       0x18 src/mtimer.o
 .debug_ranges  0x000000a0       0x28 src/pwm.o
 .debug_ranges  0x000000c8       0x48 src/stepper.o
 .debug_ranges  0x00000110       0x38 src/main.o

.debug_macro    0x00000000     0x480b
 *(.debug_macro)
 .debug_macro   0x00000000       0xbc src/adc.o
 .debug_macro   0x000000bc      0xa66 src/adc.o
 .debug_macro   0x00000b22       0x10 src/adc.o
 .debug_macro   0x00000b32      0x1c9 src/adc.o
 .debug_macro   0x00000cfb      0x2fc src/adc.o
 .debug_macro   0x00000ff7       0x9e src/adc.o
 .debug_macro   0x00001095     0x1953 src/adc.o
 .debug_macro   0x000029e8      0x106 src/adc.o
 .debug_macro   0x00002aee      0x1e0 src/adc.o
 .debug_macro   0x00002cce       0xcb src/adc.o
 .debug_macro   0x00002d99       0x34 src/adc.o
 .debug_macro   0x00002dcd       0x18 src/adc.o
 .debug_macro   0x00002de5       0x6c src/adc.o
 .debug_macro   0x00002e51       0x69 src/adc.o
 .debug_macro   0x00002eba       0x22 src/adc.o
 .debug_macro   0x00002edc       0xe6 src/Buffer.o
 .debug_macro   0x00002fc2       0x16 src/Buffer.o
 .debug_macro   0x00002fd8       0x97 src/Buffer.o
 .debug_macro   0x0000306f       0x16 src/Buffer.o
 .debug_macro   0x00003085       0x16 src/Buffer.o
 .debug_macro   0x0000309b       0x1c src/Buffer.o
 .debug_macro   0x000030b7       0x97 src/Buffer.o
 .debug_macro   0x0000314e       0x5a src/Buffer.o
 .debug_macro   0x000031a8       0x96 src/interrupt.o
 .debug_macro   0x0000323e      0x16b src/led.o
 .debug_macro   0x000033a9      0x16d src/led.o
 .debug_macro   0x00003516       0x35 src/led.o
 .debug_macro   0x0000354b       0x66 src/led.o
 .debug_macro   0x000035b1      0x64b src/led.o
 .debug_macro   0x00003bfc       0x44 src/led.o
 .debug_macro   0x00003c40       0x2c src/led.o
 .debug_macro   0x00003c6c       0x10 src/led.o
 .debug_macro   0x00003c7c      0x175 src/led.o
 .debug_macro   0x00003df1       0x40 src/led.o
 .debug_macro   0x00003e31      0x100 src/led.o
 .debug_macro   0x00003f31      0x2c0 src/led.o
 .debug_macro   0x000041f1      0x16b src/mtimer.o
 .debug_macro   0x0000435c       0xb8 src/pwm.o
 .debug_macro   0x00004414      0x190 src/stepper.o
 .debug_macro   0x000045a4      0x139 src/main.o
 .debug_macro   0x000046dd      0x10e src/main.o
 .debug_macro   0x000047eb       0x20 src/main.o
OUTPUT(GccBoardProject1.elf elf32-avr)
LOAD linker stubs
