Archive member included to satisfy reference by file (symbol)

c:/program files (x86)/atmel/studio/7.0/toolchain/avr8/avr8-gnu-toolchain/bin/../lib/gcc/avr/5.4.0/avr51\libgcc.a(_exit.o)
                              C:/Program Files (x86)/Atmel/Studio/7.0/Packs/atmel/ATmega_DFP/1.2.132/gcc/dev/at90usb1287/avr51/crtat90usb1287.o (exit)
c:/program files (x86)/atmel/studio/7.0/toolchain/avr8/avr8-gnu-toolchain/bin/../lib/gcc/avr/5.4.0/avr51\libgcc.a(_clear_bss.o)
                              src/led.o (__do_clear_bss)
c:/program files (x86)/atmel/studio/7.0/toolchain/avr8/avr8-gnu-toolchain/bin/../lib/gcc/avr/5.4.0/../../../../avr/lib/avr51\libc.a(malloc.o)
                              src/main.o (malloc)
c:/program files (x86)/atmel/studio/7.0/toolchain/avr8/avr8-gnu-toolchain/bin/../lib/gcc/avr/5.4.0/avr51\libgcc.a(_copy_data.o)
                              c:/program files (x86)/atmel/studio/7.0/toolchain/avr8/avr8-gnu-toolchain/bin/../lib/gcc/avr/5.4.0/../../../../avr/lib/avr51\libc.a(malloc.o) (__do_copy_data)

Allocating common symbols
Common symbol       size              file

__brkval            0x2               c:/program files (x86)/atmel/studio/7.0/toolchain/avr8/avr8-gnu-toolchain/bin/../lib/gcc/avr/5.4.0/../../../../avr/lib/avr51\libc.a(malloc.o)
__flp               0x2               c:/program files (x86)/atmel/studio/7.0/toolchain/avr8/avr8-gnu-toolchain/bin/../lib/gcc/avr/5.4.0/../../../../avr/lib/avr51\libc.a(malloc.o)

Discarded input sections

 .data          0x00000000        0x0 C:/Program Files (x86)/Atmel/Studio/7.0/Packs/atmel/ATmega_DFP/1.2.132/gcc/dev/at90usb1287/avr51/crtat90usb1287.o
 .bss           0x00000000        0x0 C:/Program Files (x86)/Atmel/Studio/7.0/Packs/atmel/ATmega_DFP/1.2.132/gcc/dev/at90usb1287/avr51/crtat90usb1287.o
 .group         0x00000000        0x8 src/led.o
 .group         0x00000000        0x8 src/led.o
 .group         0x00000000        0x8 src/led.o
 .group         0x00000000        0x8 src/led.o
 .group         0x00000000        0x8 src/led.o
 .group         0x00000000        0x8 src/led.o
 .group         0x00000000        0x8 src/led.o
 .group         0x00000000        0x8 src/led.o
 .group         0x00000000        0x8 src/led.o
 .group         0x00000000        0x8 src/led.o
 .group         0x00000000        0x8 src/led.o
 .group         0x00000000        0x8 src/led.o
 .group         0x00000000        0x8 src/led.o
 .group         0x00000000        0x8 src/led.o
 .group         0x00000000        0x8 src/led.o
 .group         0x00000000        0x8 src/led.o
 .group         0x00000000        0x8 src/led.o
 .group         0x00000000        0x8 src/led.o
 .group         0x00000000        0x8 src/led.o
 .group         0x00000000        0x8 src/led.o
 .group         0x00000000        0x8 src/led.o
 .group         0x00000000        0x8 src/led.o
 .group         0x00000000        0x8 src/led.o
 .group         0x00000000        0x8 src/led.o
 .group         0x00000000        0x8 src/led.o
 .group         0x00000000        0x8 src/led.o
 .text          0x00000000        0x0 src/led.o
 .data          0x00000000        0x0 src/led.o
 .bss           0x00000000        0x0 src/led.o
 .text.night_rider_update
                0x00000000       0x3c src/led.o
 .bss.current_LED.1958
                0x00000000        0x1 src/led.o
 .group         0x00000000        0x8 src/LinkedQueue.o
 .text          0x00000000        0x0 src/LinkedQueue.o
 .data          0x00000000        0x0 src/LinkedQueue.o
 .bss           0x00000000        0x0 src/LinkedQueue.o
 .debug_info    0x00000000       0x21 src/LinkedQueue.o
 .debug_abbrev  0x00000000       0x13 src/LinkedQueue.o
 .debug_aranges
                0x00000000       0x18 src/LinkedQueue.o
 .debug_macro   0x00000000       0x11 src/LinkedQueue.o
 .debug_macro   0x00000000      0xa66 src/LinkedQueue.o
 .debug_line    0x00000000       0x32 src/LinkedQueue.o
 .debug_str     0x00000000     0x2b89 src/LinkedQueue.o
 .comment       0x00000000       0x31 src/LinkedQueue.o
 .group         0x00000000        0x8 src/mtimer.o
 .group         0x00000000        0x8 src/mtimer.o
 .group         0x00000000        0x8 src/mtimer.o
 .group         0x00000000        0x8 src/mtimer.o
 .group         0x00000000        0x8 src/mtimer.o
 .group         0x00000000        0x8 src/mtimer.o
 .group         0x00000000        0x8 src/mtimer.o
 .group         0x00000000        0x8 src/mtimer.o
 .group         0x00000000        0x8 src/mtimer.o
 .group         0x00000000        0x8 src/mtimer.o
 .group         0x00000000        0x8 src/mtimer.o
 .group         0x00000000        0x8 src/mtimer.o
 .group         0x00000000        0x8 src/mtimer.o
 .group         0x00000000        0x8 src/mtimer.o
 .group         0x00000000        0x8 src/mtimer.o
 .group         0x00000000        0x8 src/mtimer.o
 .group         0x00000000        0x8 src/mtimer.o
 .group         0x00000000        0x8 src/mtimer.o
 .group         0x00000000        0x8 src/mtimer.o
 .group         0x00000000        0x8 src/mtimer.o
 .group         0x00000000        0x8 src/mtimer.o
 .group         0x00000000        0x8 src/mtimer.o
 .group         0x00000000        0x8 src/mtimer.o
 .group         0x00000000        0x8 src/mtimer.o
 .group         0x00000000        0x8 src/mtimer.o
 .group         0x00000000        0x8 src/mtimer.o
 .text          0x00000000        0x0 src/mtimer.o
 .data          0x00000000        0x0 src/mtimer.o
 .bss           0x00000000        0x0 src/mtimer.o
 .debug_macro   0x00000000      0xa66 src/mtimer.o
 .debug_macro   0x00000000       0x10 src/mtimer.o
 .debug_macro   0x00000000      0x1c9 src/mtimer.o
 .debug_macro   0x00000000      0x2fc src/mtimer.o
 .debug_macro   0x00000000       0x9e src/mtimer.o
 .debug_macro   0x00000000     0x1953 src/mtimer.o
 .debug_macro   0x00000000      0x106 src/mtimer.o
 .debug_macro   0x00000000      0x1e0 src/mtimer.o
 .debug_macro   0x00000000       0xcb src/mtimer.o
 .debug_macro   0x00000000       0x34 src/mtimer.o
 .debug_macro   0x00000000       0x18 src/mtimer.o
 .debug_macro   0x00000000       0x6c src/mtimer.o
 .debug_macro   0x00000000       0x22 src/mtimer.o
 .debug_macro   0x00000000      0x16d src/mtimer.o
 .debug_macro   0x00000000       0x1c src/mtimer.o
 .debug_macro   0x00000000       0x35 src/mtimer.o
 .debug_macro   0x00000000       0x66 src/mtimer.o
 .debug_macro   0x00000000      0x64b src/mtimer.o
 .debug_macro   0x00000000       0x44 src/mtimer.o
 .debug_macro   0x00000000       0x69 src/mtimer.o
 .debug_macro   0x00000000       0x2c src/mtimer.o
 .debug_macro   0x00000000       0x10 src/mtimer.o
 .debug_macro   0x00000000      0x175 src/mtimer.o
 .debug_macro   0x00000000       0x40 src/mtimer.o
 .debug_macro   0x00000000      0x100 src/mtimer.o
 .debug_macro   0x00000000      0x2c0 src/mtimer.o
 .group         0x00000000        0x8 src/Switches.o
 .group         0x00000000        0x8 src/Switches.o
 .group         0x00000000        0x8 src/Switches.o
 .group         0x00000000        0x8 src/Switches.o
 .group         0x00000000        0x8 src/Switches.o
 .group         0x00000000        0x8 src/Switches.o
 .group         0x00000000        0x8 src/Switches.o
 .group         0x00000000        0x8 src/Switches.o
 .group         0x00000000        0x8 src/Switches.o
 .group         0x00000000        0x8 src/Switches.o
 .group         0x00000000        0x8 src/Switches.o
 .group         0x00000000        0x8 src/Switches.o
 .group         0x00000000        0x8 src/Switches.o
 .group         0x00000000        0x8 src/Switches.o
 .group         0x00000000        0x8 src/Switches.o
 .group         0x00000000        0x8 src/Switches.o
 .group         0x00000000        0x8 src/Switches.o
 .group         0x00000000        0x8 src/Switches.o
 .group         0x00000000        0x8 src/Switches.o
 .group         0x00000000        0x8 src/Switches.o
 .group         0x00000000        0x8 src/Switches.o
 .group         0x00000000        0x8 src/Switches.o
 .group         0x00000000        0x8 src/Switches.o
 .group         0x00000000        0x8 src/Switches.o
 .group         0x00000000        0x8 src/Switches.o
 .group         0x00000000        0x8 src/Switches.o
 .text          0x00000000        0x0 src/Switches.o
 .data          0x00000000        0x0 src/Switches.o
 .bss           0x00000000        0x0 src/Switches.o
 .text.is_button_pressed
                0x00000000        0xe src/Switches.o
 .debug_info    0x00000000       0xbf src/Switches.o
 .debug_abbrev  0x00000000       0x7d src/Switches.o
 .debug_loc     0x00000000       0x21 src/Switches.o
 .debug_aranges
                0x00000000       0x20 src/Switches.o
 .debug_ranges  0x00000000       0x10 src/Switches.o
 .debug_macro   0x00000000      0x165 src/Switches.o
 .debug_macro   0x00000000      0xa66 src/Switches.o
 .debug_macro   0x00000000      0x1c9 src/Switches.o
 .debug_macro   0x00000000      0x2fc src/Switches.o
 .debug_macro   0x00000000       0x16 src/Switches.o
 .debug_macro   0x00000000       0xaa src/Switches.o
 .debug_macro   0x00000000     0x1953 src/Switches.o
 .debug_macro   0x00000000      0x106 src/Switches.o
 .debug_macro   0x00000000      0x1e0 src/Switches.o
 .debug_macro   0x00000000       0xcb src/Switches.o
 .debug_macro   0x00000000       0x34 src/Switches.o
 .debug_macro   0x00000000       0x18 src/Switches.o
 .debug_macro   0x00000000       0x6c src/Switches.o
 .debug_macro   0x00000000       0x22 src/Switches.o
 .debug_macro   0x00000000      0x16d src/Switches.o
 .debug_macro   0x00000000       0x1c src/Switches.o
 .debug_macro   0x00000000       0x35 src/Switches.o
 .debug_macro   0x00000000       0x66 src/Switches.o
 .debug_macro   0x00000000      0x64b src/Switches.o
 .debug_macro   0x00000000       0x44 src/Switches.o
 .debug_macro   0x00000000       0x69 src/Switches.o
 .debug_macro   0x00000000       0x2c src/Switches.o
 .debug_macro   0x00000000       0x10 src/Switches.o
 .debug_macro   0x00000000      0x175 src/Switches.o
 .debug_macro   0x00000000       0x40 src/Switches.o
 .debug_macro   0x00000000      0x100 src/Switches.o
 .debug_macro   0x00000000      0x2c0 src/Switches.o
 .debug_line    0x00000000      0x3c2 src/Switches.o
 .debug_str     0x00000000    0x117f6 src/Switches.o
 .comment       0x00000000       0x31 src/Switches.o
 .debug_frame   0x00000000       0x24 src/Switches.o
 .group         0x00000000        0x8 src/ASF/common/boards/user_board/init.o
 .group         0x00000000        0x8 src/ASF/common/boards/user_board/init.o
 .group         0x00000000        0x8 src/ASF/common/boards/user_board/init.o
 .group         0x00000000        0x8 src/ASF/common/boards/user_board/init.o
 .group         0x00000000        0x8 src/ASF/common/boards/user_board/init.o
 .group         0x00000000        0x8 src/ASF/common/boards/user_board/init.o
 .group         0x00000000        0x8 src/ASF/common/boards/user_board/init.o
 .group         0x00000000        0x8 src/ASF/common/boards/user_board/init.o
 .group         0x00000000        0x8 src/ASF/common/boards/user_board/init.o
 .group         0x00000000        0x8 src/ASF/common/boards/user_board/init.o
 .group         0x00000000        0x8 src/ASF/common/boards/user_board/init.o
 .group         0x00000000        0x8 src/ASF/common/boards/user_board/init.o
 .group         0x00000000        0x8 src/ASF/common/boards/user_board/init.o
 .group         0x00000000        0x8 src/ASF/common/boards/user_board/init.o
 .group         0x00000000        0x8 src/ASF/common/boards/user_board/init.o
 .group         0x00000000        0x8 src/ASF/common/boards/user_board/init.o
 .group         0x00000000        0x8 src/ASF/common/boards/user_board/init.o
 .group         0x00000000        0x8 src/ASF/common/boards/user_board/init.o
 .group         0x00000000        0x8 src/ASF/common/boards/user_board/init.o
 .group         0x00000000        0x8 src/ASF/common/boards/user_board/init.o
 .group         0x00000000        0x8 src/ASF/common/boards/user_board/init.o
 .group         0x00000000        0x8 src/ASF/common/boards/user_board/init.o
 .group         0x00000000        0x8 src/ASF/common/boards/user_board/init.o
 .group         0x00000000        0x8 src/ASF/common/boards/user_board/init.o
 .group         0x00000000        0x8 src/ASF/common/boards/user_board/init.o
 .group         0x00000000        0x8 src/ASF/common/boards/user_board/init.o
 .text          0x00000000        0x0 src/ASF/common/boards/user_board/init.o
 .data          0x00000000        0x0 src/ASF/common/boards/user_board/init.o
 .bss           0x00000000        0x0 src/ASF/common/boards/user_board/init.o
 .text.board_init
                0x00000000        0x2 src/ASF/common/boards/user_board/init.o
 .debug_info    0x00000000       0x7c src/ASF/common/boards/user_board/init.o
 .debug_abbrev  0x00000000       0x47 src/ASF/common/boards/user_board/init.o
 .debug_aranges
                0x00000000       0x20 src/ASF/common/boards/user_board/init.o
 .debug_ranges  0x00000000       0x10 src/ASF/common/boards/user_board/init.o
 .debug_macro   0x00000000      0x161 src/ASF/common/boards/user_board/init.o
 .debug_macro   0x00000000      0xa66 src/ASF/common/boards/user_board/init.o
 .debug_macro   0x00000000       0x10 src/ASF/common/boards/user_board/init.o
 .debug_macro   0x00000000      0x1c9 src/ASF/common/boards/user_board/init.o
 .debug_macro   0x00000000      0x2fc src/ASF/common/boards/user_board/init.o
 .debug_macro   0x00000000       0x9e src/ASF/common/boards/user_board/init.o
 .debug_macro   0x00000000     0x1953 src/ASF/common/boards/user_board/init.o
 .debug_macro   0x00000000      0x106 src/ASF/common/boards/user_board/init.o
 .debug_macro   0x00000000      0x1e0 src/ASF/common/boards/user_board/init.o
 .debug_macro   0x00000000       0xcb src/ASF/common/boards/user_board/init.o
 .debug_macro   0x00000000       0x34 src/ASF/common/boards/user_board/init.o
 .debug_macro   0x00000000       0x18 src/ASF/common/boards/user_board/init.o
 .debug_macro   0x00000000       0x6c src/ASF/common/boards/user_board/init.o
 .debug_macro   0x00000000       0x22 src/ASF/common/boards/user_board/init.o
 .debug_macro   0x00000000      0x16d src/ASF/common/boards/user_board/init.o
 .debug_macro   0x00000000       0x1c src/ASF/common/boards/user_board/init.o
 .debug_macro   0x00000000       0x35 src/ASF/common/boards/user_board/init.o
 .debug_macro   0x00000000       0x66 src/ASF/common/boards/user_board/init.o
 .debug_macro   0x00000000      0x64b src/ASF/common/boards/user_board/init.o
 .debug_macro   0x00000000       0x44 src/ASF/common/boards/user_board/init.o
 .debug_macro   0x00000000       0x69 src/ASF/common/boards/user_board/init.o
 .debug_macro   0x00000000       0x2c src/ASF/common/boards/user_board/init.o
 .debug_macro   0x00000000       0x10 src/ASF/common/boards/user_board/init.o
 .debug_macro   0x00000000      0x175 src/ASF/common/boards/user_board/init.o
 .debug_macro   0x00000000       0x40 src/ASF/common/boards/user_board/init.o
 .debug_macro   0x00000000      0x100 src/ASF/common/boards/user_board/init.o
 .debug_macro   0x00000000      0x2c0 src/ASF/common/boards/user_board/init.o
 .debug_line    0x00000000      0x3a4 src/ASF/common/boards/user_board/init.o
 .debug_str     0x00000000    0x1178b src/ASF/common/boards/user_board/init.o
 .comment       0x00000000       0x31 src/ASF/common/boards/user_board/init.o
 .debug_frame   0x00000000       0x24 src/ASF/common/boards/user_board/init.o
 .group         0x00000000        0x8 src/main.o
 .group         0x00000000        0x8 src/main.o
 .group         0x00000000        0x8 src/main.o
 .group         0x00000000        0x8 src/main.o
 .group         0x00000000        0x8 src/main.o
 .group         0x00000000        0x8 src/main.o
 .group         0x00000000        0x8 src/main.o
 .group         0x00000000        0x8 src/main.o
 .group         0x00000000        0x8 src/main.o
 .group         0x00000000        0x8 src/main.o
 .group         0x00000000        0x8 src/main.o
 .group         0x00000000        0x8 src/main.o
 .group         0x00000000        0x8 src/main.o
 .group         0x00000000        0x8 src/main.o
 .group         0x00000000        0x8 src/main.o
 .group         0x00000000        0x8 src/main.o
 .text          0x00000000        0x0 src/main.o
 .data          0x00000000        0x0 src/main.o
 .bss           0x00000000        0x0 src/main.o
 .text.setup    0x00000000        0xe src/main.o
 .text.firstValue
                0x00000000        0xc src/main.o
 .text.clearQueue
                0x00000000       0x3a src/main.o
 .text.isEmpty  0x00000000       0x10 src/main.o
 .debug_macro   0x00000000      0xa66 src/main.o
 .debug_macro   0x00000000       0x1c src/main.o
 .debug_macro   0x00000000       0x66 src/main.o
 .debug_macro   0x00000000       0x10 src/main.o
 .debug_macro   0x00000000      0x1c9 src/main.o
 .debug_macro   0x00000000      0x2fc src/main.o
 .debug_macro   0x00000000       0x9e src/main.o
 .debug_macro   0x00000000     0x1953 src/main.o
 .debug_macro   0x00000000      0x106 src/main.o
 .debug_macro   0x00000000      0x1e0 src/main.o
 .debug_macro   0x00000000       0xcb src/main.o
 .debug_macro   0x00000000       0x34 src/main.o
 .debug_macro   0x00000000       0x18 src/main.o
 .debug_macro   0x00000000       0x6c src/main.o
 .debug_macro   0x00000000       0x16 src/main.o
 .text          0x00000000        0x0 c:/program files (x86)/atmel/studio/7.0/toolchain/avr8/avr8-gnu-toolchain/bin/../lib/gcc/avr/5.4.0/avr51\libgcc.a(_exit.o)
 .data          0x00000000        0x0 c:/program files (x86)/atmel/studio/7.0/toolchain/avr8/avr8-gnu-toolchain/bin/../lib/gcc/avr/5.4.0/avr51\libgcc.a(_exit.o)
 .bss           0x00000000        0x0 c:/program files (x86)/atmel/studio/7.0/toolchain/avr8/avr8-gnu-toolchain/bin/../lib/gcc/avr/5.4.0/avr51\libgcc.a(_exit.o)
 .text.libgcc.mul
                0x00000000        0x0 c:/program files (x86)/atmel/studio/7.0/toolchain/avr8/avr8-gnu-toolchain/bin/../lib/gcc/avr/5.4.0/avr51\libgcc.a(_exit.o)
 .text.libgcc.div
                0x00000000        0x0 c:/program files (x86)/atmel/studio/7.0/toolchain/avr8/avr8-gnu-toolchain/bin/../lib/gcc/avr/5.4.0/avr51\libgcc.a(_exit.o)
 .text.libgcc   0x00000000        0x0 c:/program files (x86)/atmel/studio/7.0/toolchain/avr8/avr8-gnu-toolchain/bin/../lib/gcc/avr/5.4.0/avr51\libgcc.a(_exit.o)
 .text.libgcc.prologue
                0x00000000        0x0 c:/program files (x86)/atmel/studio/7.0/toolchain/avr8/avr8-gnu-toolchain/bin/../lib/gcc/avr/5.4.0/avr51\libgcc.a(_exit.o)
 .text.libgcc.builtins
                0x00000000        0x0 c:/program files (x86)/atmel/studio/7.0/toolchain/avr8/avr8-gnu-toolchain/bin/../lib/gcc/avr/5.4.0/avr51\libgcc.a(_exit.o)
 .text.libgcc.fmul
                0x00000000        0x0 c:/program files (x86)/atmel/studio/7.0/toolchain/avr8/avr8-gnu-toolchain/bin/../lib/gcc/avr/5.4.0/avr51\libgcc.a(_exit.o)
 .text.libgcc.fixed
                0x00000000        0x0 c:/program files (x86)/atmel/studio/7.0/toolchain/avr8/avr8-gnu-toolchain/bin/../lib/gcc/avr/5.4.0/avr51\libgcc.a(_exit.o)
 .text          0x00000000        0x0 c:/program files (x86)/atmel/studio/7.0/toolchain/avr8/avr8-gnu-toolchain/bin/../lib/gcc/avr/5.4.0/avr51\libgcc.a(_clear_bss.o)
 .data          0x00000000        0x0 c:/program files (x86)/atmel/studio/7.0/toolchain/avr8/avr8-gnu-toolchain/bin/../lib/gcc/avr/5.4.0/avr51\libgcc.a(_clear_bss.o)
 .bss           0x00000000        0x0 c:/program files (x86)/atmel/studio/7.0/toolchain/avr8/avr8-gnu-toolchain/bin/../lib/gcc/avr/5.4.0/avr51\libgcc.a(_clear_bss.o)
 .text.libgcc.mul
                0x00000000        0x0 c:/program files (x86)/atmel/studio/7.0/toolchain/avr8/avr8-gnu-toolchain/bin/../lib/gcc/avr/5.4.0/avr51\libgcc.a(_clear_bss.o)
 .text.libgcc.div
                0x00000000        0x0 c:/program files (x86)/atmel/studio/7.0/toolchain/avr8/avr8-gnu-toolchain/bin/../lib/gcc/avr/5.4.0/avr51\libgcc.a(_clear_bss.o)
 .text.libgcc   0x00000000        0x0 c:/program files (x86)/atmel/studio/7.0/toolchain/avr8/avr8-gnu-toolchain/bin/../lib/gcc/avr/5.4.0/avr51\libgcc.a(_clear_bss.o)
 .text.libgcc.prologue
                0x00000000        0x0 c:/program files (x86)/atmel/studio/7.0/toolchain/avr8/avr8-gnu-toolchain/bin/../lib/gcc/avr/5.4.0/avr51\libgcc.a(_clear_bss.o)
 .text.libgcc.builtins
                0x00000000        0x0 c:/program files (x86)/atmel/studio/7.0/toolchain/avr8/avr8-gnu-toolchain/bin/../lib/gcc/avr/5.4.0/avr51\libgcc.a(_clear_bss.o)
 .text.libgcc.fmul
                0x00000000        0x0 c:/program files (x86)/atmel/studio/7.0/toolchain/avr8/avr8-gnu-toolchain/bin/../lib/gcc/avr/5.4.0/avr51\libgcc.a(_clear_bss.o)
 .text.libgcc.fixed
                0x00000000        0x0 c:/program files (x86)/atmel/studio/7.0/toolchain/avr8/avr8-gnu-toolchain/bin/../lib/gcc/avr/5.4.0/avr51\libgcc.a(_clear_bss.o)
 .text          0x00000000        0x0 c:/program files (x86)/atmel/studio/7.0/toolchain/avr8/avr8-gnu-toolchain/bin/../lib/gcc/avr/5.4.0/../../../../avr/lib/avr51\libc.a(malloc.o)
 .bss           0x00000000        0x0 c:/program files (x86)/atmel/studio/7.0/toolchain/avr8/avr8-gnu-toolchain/bin/../lib/gcc/avr/5.4.0/../../../../avr/lib/avr51\libc.a(malloc.o)
 .text          0x00000000        0x0 c:/program files (x86)/atmel/studio/7.0/toolchain/avr8/avr8-gnu-toolchain/bin/../lib/gcc/avr/5.4.0/avr51\libgcc.a(_copy_data.o)
 .data          0x00000000        0x0 c:/program files (x86)/atmel/studio/7.0/toolchain/avr8/avr8-gnu-toolchain/bin/../lib/gcc/avr/5.4.0/avr51\libgcc.a(_copy_data.o)
 .bss           0x00000000        0x0 c:/program files (x86)/atmel/studio/7.0/toolchain/avr8/avr8-gnu-toolchain/bin/../lib/gcc/avr/5.4.0/avr51\libgcc.a(_copy_data.o)
 .text.libgcc.mul
                0x00000000        0x0 c:/program files (x86)/atmel/studio/7.0/toolchain/avr8/avr8-gnu-toolchain/bin/../lib/gcc/avr/5.4.0/avr51\libgcc.a(_copy_data.o)
 .text.libgcc.div
                0x00000000        0x0 c:/program files (x86)/atmel/studio/7.0/toolchain/avr8/avr8-gnu-toolchain/bin/../lib/gcc/avr/5.4.0/avr51\libgcc.a(_copy_data.o)
 .text.libgcc   0x00000000        0x0 c:/program files (x86)/atmel/studio/7.0/toolchain/avr8/avr8-gnu-toolchain/bin/../lib/gcc/avr/5.4.0/avr51\libgcc.a(_copy_data.o)
 .text.libgcc.prologue
                0x00000000        0x0 c:/program files (x86)/atmel/studio/7.0/toolchain/avr8/avr8-gnu-toolchain/bin/../lib/gcc/avr/5.4.0/avr51\libgcc.a(_copy_data.o)
 .text.libgcc.builtins
                0x00000000        0x0 c:/program files (x86)/atmel/studio/7.0/toolchain/avr8/avr8-gnu-toolchain/bin/../lib/gcc/avr/5.4.0/avr51\libgcc.a(_copy_data.o)
 .text.libgcc.fmul
                0x00000000        0x0 c:/program files (x86)/atmel/studio/7.0/toolchain/avr8/avr8-gnu-toolchain/bin/../lib/gcc/avr/5.4.0/avr51\libgcc.a(_copy_data.o)
 .text.libgcc.fixed
                0x00000000        0x0 c:/program files (x86)/atmel/studio/7.0/toolchain/avr8/avr8-gnu-toolchain/bin/../lib/gcc/avr/5.4.0/avr51\libgcc.a(_copy_data.o)

Memory Configuration

Name             Origin             Length             Attributes
text             0x00000000         0x00020000         xr
data             0x00800100         0x0000ff00         rw !x
eeprom           0x00810000         0x00010000         rw !x
fuse             0x00820000         0x00000003         rw !x
lock             0x00830000         0x00000400         rw !x
signature        0x00840000         0x00000400         rw !x
user_signatures  0x00850000         0x00000400         rw !x
*default*        0x00000000         0xffffffff

Linker script and memory map

Address of section .data set to 0x800100
LOAD C:/Program Files (x86)/Atmel/Studio/7.0/Packs/atmel/ATmega_DFP/1.2.132/gcc/dev/at90usb1287/avr51/crtat90usb1287.o
LOAD src/led.o
LOAD src/LinkedQueue.o
LOAD src/mtimer.o
LOAD src/Switches.o
LOAD src/ASF/common/boards/user_board/init.o
LOAD src/main.o
START GROUP
LOAD c:/program files (x86)/atmel/studio/7.0/toolchain/avr8/avr8-gnu-toolchain/bin/../lib/gcc/avr/5.4.0/../../../../avr/lib/avr51\libm.a
END GROUP
START GROUP
LOAD c:/program files (x86)/atmel/studio/7.0/toolchain/avr8/avr8-gnu-toolchain/bin/../lib/gcc/avr/5.4.0/avr51\libgcc.a
LOAD c:/program files (x86)/atmel/studio/7.0/toolchain/avr8/avr8-gnu-toolchain/bin/../lib/gcc/avr/5.4.0/../../../../avr/lib/avr51\libm.a
LOAD c:/program files (x86)/atmel/studio/7.0/toolchain/avr8/avr8-gnu-toolchain/bin/../lib/gcc/avr/5.4.0/../../../../avr/lib/avr51\libc.a
LOAD C:/Program Files (x86)/Atmel/Studio/7.0/Packs/atmel/ATmega_DFP/1.2.132/gcc/dev/at90usb1287/avr51\libat90usb1287.a
END GROUP
                0x00020000                __TEXT_REGION_LENGTH__ = DEFINED (__TEXT_REGION_LENGTH__)?__TEXT_REGION_LENGTH__:0x20000
                0x0000ff00                __DATA_REGION_LENGTH__ = DEFINED (__DATA_REGION_LENGTH__)?__DATA_REGION_LENGTH__:0xff00
                0x00010000                __EEPROM_REGION_LENGTH__ = DEFINED (__EEPROM_REGION_LENGTH__)?__EEPROM_REGION_LENGTH__:0x10000
                [0x00000003]                __FUSE_REGION_LENGTH__ = DEFINED (__FUSE_REGION_LENGTH__)?__FUSE_REGION_LENGTH__:0x400
                0x00000400                __LOCK_REGION_LENGTH__ = DEFINED (__LOCK_REGION_LENGTH__)?__LOCK_REGION_LENGTH__:0x400
                0x00000400                __SIGNATURE_REGION_LENGTH__ = DEFINED (__SIGNATURE_REGION_LENGTH__)?__SIGNATURE_REGION_LENGTH__:0x400
                0x00000400                __USER_SIGNATURE_REGION_LENGTH__ = DEFINED (__USER_SIGNATURE_REGION_LENGTH__)?__USER_SIGNATURE_REGION_LENGTH__:0x400

.hash
 *(.hash)

.dynsym
 *(.dynsym)

.dynstr
 *(.dynstr)

.gnu.version
 *(.gnu.version)

.gnu.version_d
 *(.gnu.version_d)

.gnu.version_r
 *(.gnu.version_r)

.rel.init
 *(.rel.init)

.rela.init
 *(.rela.init)

.rel.text
 *(.rel.text)
 *(.rel.text.*)
 *(.rel.gnu.linkonce.t*)

.rela.text
 *(.rela.text)
 *(.rela.text.*)
 *(.rela.gnu.linkonce.t*)

.rel.fini
 *(.rel.fini)

.rela.fini
 *(.rela.fini)

.rel.rodata
 *(.rel.rodata)
 *(.rel.rodata.*)
 *(.rel.gnu.linkonce.r*)

.rela.rodata
 *(.rela.rodata)
 *(.rela.rodata.*)
 *(.rela.gnu.linkonce.r*)

.rel.data
 *(.rel.data)
 *(.rel.data.*)
 *(.rel.gnu.linkonce.d*)

.rela.data
 *(.rela.data)
 *(.rela.data.*)
 *(.rela.gnu.linkonce.d*)

.rel.ctors
 *(.rel.ctors)

.rela.ctors
 *(.rela.ctors)

.rel.dtors
 *(.rel.dtors)

.rela.dtors
 *(.rela.dtors)

.rel.got
 *(.rel.got)

.rela.got
 *(.rela.got)

.rel.bss
 *(.rel.bss)

.rela.bss
 *(.rela.bss)

.rel.plt
 *(.rel.plt)

.rela.plt
 *(.rela.plt)

.text           0x00000000      0x510
 *(.vectors)
 .vectors       0x00000000       0x98 C:/Program Files (x86)/Atmel/Studio/7.0/Packs/atmel/ATmega_DFP/1.2.132/gcc/dev/at90usb1287/avr51/crtat90usb1287.o
                0x00000000                __vector_default
                0x00000000                __vectors
 *(.vectors)
 *(.progmem.gcc*)
                0x00000098                . = ALIGN (0x2)
                0x00000098                __trampolines_start = .
 *(.trampolines)
 .trampolines   0x00000098        0x0 linker stubs
 *(.trampolines*)
                0x00000098                __trampolines_end = .
 *libprintf_flt.a:*(.progmem.data)
 *libc.a:*(.progmem.data)
 *(.progmem*)
                0x00000098                . = ALIGN (0x2)
 *(.jumptables)
 *(.jumptables*)
 *(.lowtext)
 *(.lowtext*)
                0x00000098                __ctors_start = .
 *(.ctors)
                0x00000098                __ctors_end = .
                0x00000098                __dtors_start = .
 *(.dtors)
                0x00000098                __dtors_end = .
 SORT(*)(.ctors)
 SORT(*)(.dtors)
 *(.init0)
 .init0         0x00000098        0x0 C:/Program Files (x86)/Atmel/Studio/7.0/Packs/atmel/ATmega_DFP/1.2.132/gcc/dev/at90usb1287/avr51/crtat90usb1287.o
                0x00000098                __init
 *(.init0)
 *(.init1)
 *(.init1)
 *(.init2)
 .init2         0x00000098        0xc C:/Program Files (x86)/Atmel/Studio/7.0/Packs/atmel/ATmega_DFP/1.2.132/gcc/dev/at90usb1287/avr51/crtat90usb1287.o
 *(.init2)
 *(.init3)
 *(.init3)
 *(.init4)
 .init4         0x000000a4       0x10 c:/program files (x86)/atmel/studio/7.0/toolchain/avr8/avr8-gnu-toolchain/bin/../lib/gcc/avr/5.4.0/avr51\libgcc.a(_clear_bss.o)
                0x000000a4                __do_clear_bss
 .init4         0x000000b4       0x1a c:/program files (x86)/atmel/studio/7.0/toolchain/avr8/avr8-gnu-toolchain/bin/../lib/gcc/avr/5.4.0/avr51\libgcc.a(_copy_data.o)
                0x000000b4                __do_copy_data
 *(.init4)
 *(.init5)
 *(.init5)
 *(.init6)
 *(.init6)
 *(.init7)
 *(.init7)
 *(.init8)
 *(.init8)
 *(.init9)
 .init9         0x000000ce        0x4 C:/Program Files (x86)/Atmel/Studio/7.0/Packs/atmel/ATmega_DFP/1.2.132/gcc/dev/at90usb1287/avr51/crtat90usb1287.o
 *(.init9)
 *(.text)
 .text          0x000000d2        0x2 C:/Program Files (x86)/Atmel/Studio/7.0/Packs/atmel/ATmega_DFP/1.2.132/gcc/dev/at90usb1287/avr51/crtat90usb1287.o
                0x000000d2                __vector_22
                0x000000d2                __vector_28
                0x000000d2                __vector_1
                0x000000d2                __vector_32
                0x000000d2                __vector_34
                0x000000d2                __vector_24
                0x000000d2                __vector_12
                0x000000d2                __bad_interrupt
                0x000000d2                __vector_6
                0x000000d2                __vector_31
                0x000000d2                __vector_35
                0x000000d2                __vector_3
                0x000000d2                __vector_23
                0x000000d2                __vector_30
                0x000000d2                __vector_25
                0x000000d2                __vector_11
                0x000000d2                __vector_13
                0x000000d2                __vector_17
                0x000000d2                __vector_19
                0x000000d2                __vector_7
                0x000000d2                __vector_27
                0x000000d2                __vector_5
                0x000000d2                __vector_33
                0x000000d2                __vector_37
                0x000000d2                __vector_4
                0x000000d2                __vector_9
                0x000000d2                __vector_2
                0x000000d2                __vector_21
                0x000000d2                __vector_15
                0x000000d2                __vector_36
                0x000000d2                __vector_29
                0x000000d2                __vector_8
                0x000000d2                __vector_26
                0x000000d2                __vector_14
                0x000000d2                __vector_10
                0x000000d2                __vector_16
                0x000000d2                __vector_18
                0x000000d2                __vector_20
                0x000000d4                . = ALIGN (0x2)
 *(.text.*)
 .text.led_init
                0x000000d4        0x8 src/led.o
                0x000000d4                led_init
 .text.mTimerConfig
                0x000000dc        0xc src/mtimer.o
                0x000000dc                mTimerConfig
 .text.mTimer   0x000000e8       0x4a src/mtimer.o
                0x000000e8                mTimer
 .text.initLink
                0x00000132       0x1c src/main.o
                0x00000132                initLink
 .text.enqueue  0x0000014e       0x3c src/main.o
                0x0000014e                enqueue
 .text.dequeue  0x0000018a       0x22 src/main.o
                0x0000018a                dequeue
 .text.size     0x000001ac       0x22 src/main.o
                0x000001ac                size
 .text.main     0x000001ce       0xfc src/main.o
                0x000001ce                main
 .text.avr-libc
                0x000002ca      0x242 c:/program files (x86)/atmel/studio/7.0/toolchain/avr8/avr8-gnu-toolchain/bin/../lib/gcc/avr/5.4.0/../../../../avr/lib/avr51\libc.a(malloc.o)
                0x000002ca                malloc
                0x000003fa                free
                0x0000050c                . = ALIGN (0x2)
 *(.fini9)
 .fini9         0x0000050c        0x0 c:/program files (x86)/atmel/studio/7.0/toolchain/avr8/avr8-gnu-toolchain/bin/../lib/gcc/avr/5.4.0/avr51\libgcc.a(_exit.o)
                0x0000050c                _exit
                0x0000050c                exit
 *(.fini9)
 *(.fini8)
 *(.fini8)
 *(.fini7)
 *(.fini7)
 *(.fini6)
 *(.fini6)
 *(.fini5)
 *(.fini5)
 *(.fini4)
 *(.fini4)
 *(.fini3)
 *(.fini3)
 *(.fini2)
 *(.fini2)
 *(.fini1)
 *(.fini1)
 *(.fini0)
 .fini0         0x0000050c        0x4 c:/program files (x86)/atmel/studio/7.0/toolchain/avr8/avr8-gnu-toolchain/bin/../lib/gcc/avr/5.4.0/avr51\libgcc.a(_exit.o)
 *(.fini0)
                0x00000510                _etext = .

.data           0x00800100        0x6 load address 0x00000510
                0x00800100                PROVIDE (__data_start, .)
 *(.data)
 .data          0x00800100        0x6 c:/program files (x86)/atmel/studio/7.0/toolchain/avr8/avr8-gnu-toolchain/bin/../lib/gcc/avr/5.4.0/../../../../avr/lib/avr51\libc.a(malloc.o)
                0x00800100                __malloc_heap_end
                0x00800102                __malloc_heap_start
                0x00800104                __malloc_margin
 *(.data*)
 *(.rodata)
 *(.rodata*)
 *(.gnu.linkonce.d*)
                0x00800106                . = ALIGN (0x2)
                0x00800106                _edata = .
                0x00800106                PROVIDE (__data_end, .)

.bss            0x00800106        0x4
                0x00800106                PROVIDE (__bss_start, .)
 *(.bss)
 *(.bss*)
 *(COMMON)
 COMMON         0x00800106        0x4 c:/program files (x86)/atmel/studio/7.0/toolchain/avr8/avr8-gnu-toolchain/bin/../lib/gcc/avr/5.4.0/../../../../avr/lib/avr51\libc.a(malloc.o)
                0x00800106                __brkval
                0x00800108                __flp
                0x0080010a                PROVIDE (__bss_end, .)
                0x00000510                __data_load_start = LOADADDR (.data)
                0x00000516                __data_load_end = (__data_load_start + SIZEOF (.data))

.noinit         0x0080010a        0x0
                [!provide]                PROVIDE (__noinit_start, .)
 *(.noinit*)
                [!provide]                PROVIDE (__noinit_end, .)
                0x0080010a                _end = .
                0x0080010a                PROVIDE (__heap_start, .)

.eeprom         0x00810000        0x0
 *(.eeprom*)
                0x00810000                __eeprom_end = .

.fuse
 *(.fuse)
 *(.lfuse)
 *(.hfuse)
 *(.efuse)

.lock
 *(.lock*)

.signature
 *(.signature*)

.user_signatures
 *(.user_signatures*)

.stab
 *(.stab)

.stabstr
 *(.stabstr)

.stab.excl
 *(.stab.excl)

.stab.exclstr
 *(.stab.exclstr)

.stab.index
 *(.stab.index)

.stab.indexstr
 *(.stab.indexstr)

.comment        0x00000000       0x30
 *(.comment)
 .comment       0x00000000       0x30 src/led.o
                                 0x31 (size before relaxing)
 .comment       0x00000030       0x31 src/mtimer.o
 .comment       0x00000030       0x31 src/main.o
 .comment       0x00000030       0x31 c:/program files (x86)/atmel/studio/7.0/toolchain/avr8/avr8-gnu-toolchain/bin/../lib/gcc/avr/5.4.0/../../../../avr/lib/avr51\libc.a(malloc.o)

.note.gnu.avr.deviceinfo
                0x00000000       0x40
 .note.gnu.avr.deviceinfo
                0x00000000       0x40 C:/Program Files (x86)/Atmel/Studio/7.0/Packs/atmel/ATmega_DFP/1.2.132/gcc/dev/at90usb1287/avr51/crtat90usb1287.o

.note.gnu.build-id
 *(.note.gnu.build-id)

.debug
 *(.debug)

.line
 *(.line)

.debug_srcinfo
 *(.debug_srcinfo)

.debug_sfnames
 *(.debug_sfnames)

.debug_aranges  0x00000000       0xb0
 *(.debug_aranges)
 .debug_aranges
                0x00000000       0x28 src/led.o
 .debug_aranges
                0x00000028       0x28 src/mtimer.o
 .debug_aranges
                0x00000050       0x60 src/main.o

.debug_pubnames
 *(.debug_pubnames)

.debug_info     0x00000000     0x1247
 *(.debug_info .gnu.linkonce.wi.*)
 .debug_info    0x00000000      0xb70 C:/Program Files (x86)/Atmel/Studio/7.0/Packs/atmel/ATmega_DFP/1.2.132/gcc/dev/at90usb1287/avr51/crtat90usb1287.o
 .debug_info    0x00000b70       0xad src/led.o
 .debug_info    0x00000c1d       0xc4 src/mtimer.o
 .debug_info    0x00000ce1      0x566 src/main.o

.debug_abbrev   0x00000000      0xdf5
 *(.debug_abbrev)
 .debug_abbrev  0x00000000      0xad2 C:/Program Files (x86)/Atmel/Studio/7.0/Packs/atmel/ATmega_DFP/1.2.132/gcc/dev/at90usb1287/avr51/crtat90usb1287.o
 .debug_abbrev  0x00000ad2       0x77 src/led.o
 .debug_abbrev  0x00000b49       0x88 src/mtimer.o
 .debug_abbrev  0x00000bd1      0x224 src/main.o

.debug_line     0x00000000      0xdda
 *(.debug_line .debug_line.* .debug_line_end)
 .debug_line    0x00000000      0x17b C:/Program Files (x86)/Atmel/Studio/7.0/Packs/atmel/ATmega_DFP/1.2.132/gcc/dev/at90usb1287/avr51/crtat90usb1287.o
 .debug_line    0x0000017b      0x3d7 src/led.o
 .debug_line    0x00000552      0x410 src/mtimer.o
 .debug_line    0x00000962      0x478 src/main.o

.debug_frame    0x00000000      0x13c
 *(.debug_frame)
 .debug_frame   0x00000000       0x34 src/led.o
 .debug_frame   0x00000034       0x34 src/mtimer.o
 .debug_frame   0x00000068       0xd4 src/main.o

.debug_str      0x00000000    0x11aa8
 *(.debug_str)
 .debug_str     0x00000000      0x3f7 C:/Program Files (x86)/Atmel/Studio/7.0/Packs/atmel/ATmega_DFP/1.2.132/gcc/dev/at90usb1287/avr51/crtat90usb1287.o
 .debug_str     0x000003f7    0x114ec src/led.o
                              0x11792 (size before relaxing)
 .debug_str     0x000118e3       0x3e src/mtimer.o
                              0x1179b (size before relaxing)
 .debug_str     0x00011921      0x187 src/main.o
                               0x7bfc (size before relaxing)

.debug_loc      0x00000000      0x311
 *(.debug_loc)
 .debug_loc     0x00000000       0x4c src/mtimer.o
 .debug_loc     0x0000004c      0x2c5 src/main.o

.debug_macinfo
 *(.debug_macinfo)

.debug_weaknames
 *(.debug_weaknames)

.debug_funcnames
 *(.debug_funcnames)

.debug_typenames
 *(.debug_typenames)

.debug_varnames
 *(.debug_varnames)

.debug_pubtypes
 *(.debug_pubtypes)

.debug_ranges   0x00000000       0x80
 *(.debug_ranges)
 .debug_ranges  0x00000000       0x18 src/led.o
 .debug_ranges  0x00000018       0x18 src/mtimer.o
 .debug_ranges  0x00000030       0x50 src/main.o

.debug_macro    0x00000000     0x412c
 *(.debug_macro)
 .debug_macro   0x00000000      0x161 src/led.o
 .debug_macro   0x00000161      0xa66 src/led.o
 .debug_macro   0x00000bc7       0x10 src/led.o
 .debug_macro   0x00000bd7      0x1c9 src/led.o
 .debug_macro   0x00000da0      0x2fc src/led.o
 .debug_macro   0x0000109c       0x9e src/led.o
 .debug_macro   0x0000113a     0x1953 src/led.o
 .debug_macro   0x00002a8d      0x106 src/led.o
 .debug_macro   0x00002b93      0x1e0 src/led.o
 .debug_macro   0x00002d73       0xcb src/led.o
 .debug_macro   0x00002e3e       0x34 src/led.o
 .debug_macro   0x00002e72       0x18 src/led.o
 .debug_macro   0x00002e8a       0x6c src/led.o
 .debug_macro   0x00002ef6       0x22 src/led.o
 .debug_macro   0x00002f18      0x16d src/led.o
 .debug_macro   0x00003085       0x1c src/led.o
 .debug_macro   0x000030a1       0x35 src/led.o
 .debug_macro   0x000030d6       0x66 src/led.o
 .debug_macro   0x0000313c      0x64b src/led.o
 .debug_macro   0x00003787       0x44 src/led.o
 .debug_macro   0x000037cb       0x69 src/led.o
 .debug_macro   0x00003834       0x2c src/led.o
 .debug_macro   0x00003860       0x10 src/led.o
 .debug_macro   0x00003870      0x175 src/led.o
 .debug_macro   0x000039e5       0x40 src/led.o
 .debug_macro   0x00003a25      0x100 src/led.o
 .debug_macro   0x00003b25      0x2c0 src/led.o
 .debug_macro   0x00003de5      0x16b src/mtimer.o
 .debug_macro   0x00003f50       0xce src/main.o
 .debug_macro   0x0000401e      0x10e src/main.o
OUTPUT(GccBoardProject1.elf elf32-avr)
LOAD linker stubs
